Archive member included to satisfy reference by file (symbol)

f:/prosoft/gcc_arm_none/2019q4/9 2019-q4-major/bin/../lib/gcc/arm-none-eabi/9.2.1/../../../../arm-none-eabi/lib/thumb/v7e-m+dp/hard\libc_nano.a(lib_a-exit.o)
                              f:/prosoft/gcc_arm_none/2019q4/9 2019-q4-major/bin/../lib/gcc/arm-none-eabi/9.2.1/../../../../arm-none-eabi/lib/thumb/v7e-m+dp/hard/crt0.o (exit)
f:/prosoft/gcc_arm_none/2019q4/9 2019-q4-major/bin/../lib/gcc/arm-none-eabi/9.2.1/../../../../arm-none-eabi/lib/thumb/v7e-m+dp/hard\libc_nano.a(lib_a-impure.o)
                              f:/prosoft/gcc_arm_none/2019q4/9 2019-q4-major/bin/../lib/gcc/arm-none-eabi/9.2.1/../../../../arm-none-eabi/lib/thumb/v7e-m+dp/hard\libc_nano.a(lib_a-exit.o) (_global_impure_ptr)
f:/prosoft/gcc_arm_none/2019q4/9 2019-q4-major/bin/../lib/gcc/arm-none-eabi/9.2.1/../../../../arm-none-eabi/lib/thumb/v7e-m+dp/hard\libc_nano.a(lib_a-init.o)
                              f:/prosoft/gcc_arm_none/2019q4/9 2019-q4-major/bin/../lib/gcc/arm-none-eabi/9.2.1/../../../../arm-none-eabi/lib/thumb/v7e-m+dp/hard/crt0.o (__libc_init_array)
f:/prosoft/gcc_arm_none/2019q4/9 2019-q4-major/bin/../lib/gcc/arm-none-eabi/9.2.1/../../../../arm-none-eabi/lib/thumb/v7e-m+dp/hard\libc_nano.a(lib_a-memcpy-stub.o)
                              build/queue.o (memcpy)
f:/prosoft/gcc_arm_none/2019q4/9 2019-q4-major/bin/../lib/gcc/arm-none-eabi/9.2.1/../../../../arm-none-eabi/lib/thumb/v7e-m+dp/hard\libc_nano.a(lib_a-memset.o)
                              f:/prosoft/gcc_arm_none/2019q4/9 2019-q4-major/bin/../lib/gcc/arm-none-eabi/9.2.1/../../../../arm-none-eabi/lib/thumb/v7e-m+dp/hard/crt0.o (memset)
f:/prosoft/gcc_arm_none/2019q4/9 2019-q4-major/bin/../lib/gcc/arm-none-eabi/9.2.1/../../../../arm-none-eabi/lib/thumb/v7e-m+dp/hard\libc_nano.a(lib_a-nano-vfprintf_float.o)
                              (_printf_float)
f:/prosoft/gcc_arm_none/2019q4/9 2019-q4-major/bin/../lib/gcc/arm-none-eabi/9.2.1/../../../../arm-none-eabi/lib/thumb/v7e-m+dp/hard\libc_nano.a(lib_a-nano-vfprintf_i.o)
                              f:/prosoft/gcc_arm_none/2019q4/9 2019-q4-major/bin/../lib/gcc/arm-none-eabi/9.2.1/../../../../arm-none-eabi/lib/thumb/v7e-m+dp/hard\libc_nano.a(lib_a-nano-vfprintf_float.o) (_printf_common)
f:/prosoft/gcc_arm_none/2019q4/9 2019-q4-major/bin/../lib/gcc/arm-none-eabi/9.2.1/../../../../arm-none-eabi/lib/thumb/v7e-m+dp/hard\libc_nano.a(lib_a-printf.o)
                              build/inv_mpu.o (printf)
f:/prosoft/gcc_arm_none/2019q4/9 2019-q4-major/bin/../lib/gcc/arm-none-eabi/9.2.1/../../../../arm-none-eabi/lib/thumb/v7e-m+dp/hard\libc_nano.a(lib_a-strlen.o)
                              f:/prosoft/gcc_arm_none/2019q4/9 2019-q4-major/bin/../lib/gcc/arm-none-eabi/9.2.1/../../../../arm-none-eabi/lib/thumb/v7e-m+dp/hard\libc_nano.a(lib_a-nano-vfprintf_float.o) (strlen)
f:/prosoft/gcc_arm_none/2019q4/9 2019-q4-major/bin/../lib/gcc/arm-none-eabi/9.2.1/../../../../arm-none-eabi/lib/thumb/v7e-m+dp/hard\libc_nano.a(lib_a-dtoa.o)
                              f:/prosoft/gcc_arm_none/2019q4/9 2019-q4-major/bin/../lib/gcc/arm-none-eabi/9.2.1/../../../../arm-none-eabi/lib/thumb/v7e-m+dp/hard\libc_nano.a(lib_a-nano-vfprintf_float.o) (_dtoa_r)
f:/prosoft/gcc_arm_none/2019q4/9 2019-q4-major/bin/../lib/gcc/arm-none-eabi/9.2.1/../../../../arm-none-eabi/lib/thumb/v7e-m+dp/hard\libc_nano.a(lib_a-findfp.o)
                              f:/prosoft/gcc_arm_none/2019q4/9 2019-q4-major/bin/../lib/gcc/arm-none-eabi/9.2.1/../../../../arm-none-eabi/lib/thumb/v7e-m+dp/hard\libc_nano.a(lib_a-printf.o) (__sinit)
f:/prosoft/gcc_arm_none/2019q4/9 2019-q4-major/bin/../lib/gcc/arm-none-eabi/9.2.1/../../../../arm-none-eabi/lib/thumb/v7e-m+dp/hard\libc_nano.a(lib_a-fwalk.o)
                              f:/prosoft/gcc_arm_none/2019q4/9 2019-q4-major/bin/../lib/gcc/arm-none-eabi/9.2.1/../../../../arm-none-eabi/lib/thumb/v7e-m+dp/hard\libc_nano.a(lib_a-findfp.o) (_fwalk)
f:/prosoft/gcc_arm_none/2019q4/9 2019-q4-major/bin/../lib/gcc/arm-none-eabi/9.2.1/../../../../arm-none-eabi/lib/thumb/v7e-m+dp/hard\libc_nano.a(lib_a-localeconv.o)
                              f:/prosoft/gcc_arm_none/2019q4/9 2019-q4-major/bin/../lib/gcc/arm-none-eabi/9.2.1/../../../../arm-none-eabi/lib/thumb/v7e-m+dp/hard\libc_nano.a(lib_a-nano-vfprintf_float.o) (_localeconv_r)
f:/prosoft/gcc_arm_none/2019q4/9 2019-q4-major/bin/../lib/gcc/arm-none-eabi/9.2.1/../../../../arm-none-eabi/lib/thumb/v7e-m+dp/hard\libc_nano.a(lib_a-lock.o)
                              f:/prosoft/gcc_arm_none/2019q4/9 2019-q4-major/bin/../lib/gcc/arm-none-eabi/9.2.1/../../../../arm-none-eabi/lib/thumb/v7e-m+dp/hard\libc_nano.a(lib_a-findfp.o) (__retarget_lock_init_recursive)
f:/prosoft/gcc_arm_none/2019q4/9 2019-q4-major/bin/../lib/gcc/arm-none-eabi/9.2.1/../../../../arm-none-eabi/lib/thumb/v7e-m+dp/hard\libc_nano.a(lib_a-malloc.o)
[...]
Memory Configuration

Name             Origin             Length             Attributes
RAM              0x20000000         0x00080000         xrw
FLASH            0x08000000         0x00100000         xr
*default*        0x00000000         0xffffffff

Linker script and memory map

LOAD f:/prosoft/gcc_arm_none/2019q4/9 2019-q4-major/bin/../lib/gcc/arm-none-eabi/9.2.1/thumb/v7e-m+dp/hard/crti.o
LOAD f:/prosoft/gcc_arm_none/2019q4/9 2019-q4-major/bin/../lib/gcc/arm-none-eabi/9.2.1/thumb/v7e-m+dp/hard/crtbegin.o
LOAD f:/prosoft/gcc_arm_none/2019q4/9 2019-q4-major/bin/../lib/gcc/arm-none-eabi/9.2.1/../../../../arm-none-eabi/lib/thumb/v7e-m+dp/hard/crt0.o
LOAD build/bsp_i2c.o
LOAD build/inv_mpu_dmp_motion_driver.o
LOAD build/inv_mpu.o
LOAD build/mpu6050.o
LOAD build/attitude.o
LOAD build/attitude_task.o
LOAD build/printf_redefine.o
LOAD build/main.o
LOAD build/gpio.o
LOAD build/freertos.o
LOAD build/i2c.o
LOAD build/usart.o
LOAD build/stm32f7xx_it.o
LOAD build/stm32f7xx_hal_msp.o
LOAD build/stm32f7xx_hal_timebase_tim.o
LOAD build/stm32f7xx_hal_cortex.o
LOAD build/stm32f7xx_hal_rcc.o
LOAD build/stm32f7xx_hal_rcc_ex.o
LOAD build/stm32f7xx_hal_flash.o
LOAD build/stm32f7xx_hal_flash_ex.o
LOAD build/stm32f7xx_hal_gpio.o
LOAD build/stm32f7xx_hal_dma.o
LOAD build/stm32f7xx_hal_dma_ex.o
LOAD build/stm32f7xx_hal_pwr.o
LOAD build/stm32f7xx_hal_pwr_ex.o
LOAD build/stm32f7xx_hal.o
LOAD build/stm32f7xx_hal_i2c.o
LOAD build/stm32f7xx_hal_i2c_ex.o
LOAD build/stm32f7xx_hal_exti.o
LOAD build/stm32f7xx_hal_tim.o
LOAD build/stm32f7xx_hal_tim_ex.o
LOAD build/stm32f7xx_hal_uart.o
LOAD build/stm32f7xx_hal_uart_ex.o
LOAD build/system_stm32f7xx.o
LOAD build/croutine.o
LOAD build/event_groups.o
LOAD build/list.o
LOAD build/queue.o
LOAD build/stream_buffer.o
LOAD build/tasks.o
LOAD build/timers.o
LOAD build/cmsis_os2.o
LOAD build/heap_4.o
LOAD build/port.o
LOAD build/startup_stm32f767xx.o
LOAD f:/prosoft/gcc_arm_none/2019q4/9 2019-q4-major/bin/../lib/gcc/arm-none-eabi/9.2.1/../../../../arm-none-eabi/lib/thumb/v7e-m+dp/hard\libc_nano.a
LOAD f:/prosoft/gcc_arm_none/2019q4/9 2019-q4-major/bin/../lib/gcc/arm-none-eabi/9.2.1/../../../../arm-none-eabi/lib/thumb/v7e-m+dp/hard\libm.a
LOAD f:/prosoft/gcc_arm_none/2019q4/9 2019-q4-major/bin/../lib/gcc/arm-none-eabi/9.2.1/../../../../arm-none-eabi/lib/thumb/v7e-m+dp/hard\libnosys.a
START GROUP
LOAD f:/prosoft/gcc_arm_none/2019q4/9 2019-q4-major/bin/../lib/gcc/arm-none-eabi/9.2.1/thumb/v7e-m+dp/hard\libgcc.a
LOAD f:/prosoft/gcc_arm_none/2019q4/9 2019-q4-major/bin/../lib/gcc/arm-none-eabi/9.2.1/../../../../arm-none-eabi/lib/thumb/v7e-m+dp/hard\libc_nano.a
END GROUP
START GROUP
LOAD f:/prosoft/gcc_arm_none/2019q4/9 2019-q4-major/bin/../lib/gcc/arm-none-eabi/9.2.1/thumb/v7e-m+dp/hard\libgcc.a
LOAD f:/prosoft/gcc_arm_none/2019q4/9 2019-q4-major/bin/../lib/gcc/arm-none-eabi/9.2.1/../../../../arm-none-eabi/lib/thumb/v7e-m+dp/hard\libc_nano.a
END GROUP
LOAD f:/prosoft/gcc_arm_none/2019q4/9 2019-q4-major/bin/../lib/gcc/arm-none-eabi/9.2.1/thumb/v7e-m+dp/hard/crtend.o
LOAD f:/prosoft/gcc_arm_none/2019q4/9 2019-q4-major/bin/../lib/gcc/arm-none-eabi/9.2.1/thumb/v7e-m+dp/hard/crtn.o
                0x20080000                _estack = 0x20080000
                0x00000200                _Min_Heap_Size = 0x200
                0x00000400                _Min_Stack_Size = 0x400

.isr_vector     0x08000000      0x1f8
                0x08000000                . = ALIGN (0x4)
 *(.isr_vector)
 .isr_vector    0x08000000      0x1f8 build/startup_stm32f767xx.o
                0x08000000                g_pfnVectors
                0x080001f8                . = ALIGN (0x4)

.text           0x08000200     0x9508
                0x08000200                . = ALIGN (0x4)
 *(.text)
 .text          0x08000200       0x40 f:/prosoft/gcc_arm_none/2019q4/9 2019-q4-major/bin/../lib/gcc/arm-none-eabi/9.2.1/thumb/v7e-m+dp/hard/crtbegin.o
 .text          0x08000240       0x10 f:/prosoft/gcc_arm_none/2019q4/9 2019-q4-major/bin/../lib/gcc/arm-none-eabi/9.2.1/../../../../arm-none-eabi/lib/thumb/v7e-m+dp/hard\libc_nano.a(lib_a-strlen.o)
                0x08000240                strlen
 .text          0x08000250       0xa0 f:/prosoft/gcc_arm_none/2019q4/9 2019-q4-major/bin/../lib/gcc/arm-none-eabi/9.2.1/../../../../arm-none-eabi/lib/thumb/v7e-m+dp/hard\libc_nano.a(lib_a-memchr.o)
                0x08000250                memchr
 .text          0x080002f0       0x30 f:/prosoft/gcc_arm_none/2019q4/9 2019-q4-major/bin/../lib/gcc/arm-none-eabi/9.2.1/thumb/v7e-m+dp/hard\libgcc.a(_aeabi_uldivmod.o)
                0x080002f0                __aeabi_uldivmod
 .text          0x08000320      0x2c4 f:/prosoft/gcc_arm_none/2019q4/9 2019-q4-major/bin/../lib/gcc/arm-none-eabi/9.2.1/thumb/v7e-m+dp/hard\libgcc.a(_udivmoddi4.o)
                0x08000320                __udivmoddi4
 .text          0x080005e4        0x4 f:/prosoft/gcc_arm_none/2019q4/9 2019-q4-major/bin/../lib/gcc/arm-none-eabi/9.2.1/thumb/v7e-m+dp/hard\libgcc.a(_dvmd_tls.o)
                0x080005e4                __aeabi_idiv0
                0x080005e4                __aeabi_ldiv0
 *(.text*)
 .text.Sensors_I2C_WriteRegister
                0x080005e8       0x50 build/bsp_i2c.o
                0x080005e8                Sensors_I2C_WriteRegister
 .text.Sensors_I2C_ReadRegister
                0x08000638       0x58 build/bsp_i2c.o
                0x08000638                Sensors_I2C_ReadRegister
 .text.get_tick_count
                0x08000690        0xc build/bsp_i2c.o
                0x08000690                get_tick_count
 .text.decode_gesture
                0x0800069c       0x3c build/inv_mpu_dmp_motion_driver.o
 .text.dmp_load_motion_driver_firmware
                0x080006d8       0x18 build/inv_mpu_dmp_motion_driver.o
                0x080006d8                dmp_load_motion_driver_firmware
 .text.dmp_set_orientation
                0x080006f0      0x144 build/inv_mpu_dmp_motion_driver.o
                0x080006f0                dmp_set_orientation
 .text.dmp_set_fifo_rate
                0x08000834       0x68 build/inv_mpu_dmp_motion_driver.o
                0x08000834                dmp_set_fifo_rate
 .text.dmp_set_tap_thresh
                0x0800089c      0x1d4 build/inv_mpu_dmp_motion_driver.o
                0x0800089c                dmp_set_tap_thresh
 .text.dmp_set_tap_axes
                0x08000a70       0x4e build/inv_mpu_dmp_motion_driver.o
                0x08000a70                dmp_set_tap_axes
 .text.dmp_set_tap_count
                0x08000abe       0x2c build/inv_mpu_dmp_motion_driver.o
                0x08000abe                dmp_set_tap_count
 *fill*         0x08000aea        0x2 
 .text.dmp_set_tap_time
                0x08000aec       0x30 build/inv_mpu_dmp_motion_driver.o
                0x08000aec                dmp_set_tap_time
 .text.dmp_set_tap_time_multi
                0x08000b1c       0x30 build/inv_mpu_dmp_motion_driver.o
                0x08000b1c                dmp_set_tap_time_multi
 .text.dmp_set_shake_reject_thresh
                0x08000b4c       0x44 build/inv_mpu_dmp_motion_driver.o
                0x08000b4c                dmp_set_shake_reject_thresh
 .text.dmp_set_shake_reject_time
                0x08000b90       0x2c build/inv_mpu_dmp_motion_driver.o
                0x08000b90                dmp_set_shake_reject_time
 .text.dmp_set_shake_reject_timeout
                0x08000bbc       0x2c build/inv_mpu_dmp_motion_driver.o
                0x08000bbc                dmp_set_shake_reject_timeout
 .text.dmp_enable_gyro_cal
                0x08000be8       0x44 build/inv_mpu_dmp_motion_driver.o
                0x08000be8                dmp_enable_gyro_cal
 .text.dmp_enable_lp_quat
                0x08000c2c       0x3c build/inv_mpu_dmp_motion_driver.o
                0x08000c2c                dmp_enable_lp_quat
 .text.dmp_enable_6x_lp_quat
                0x08000c68       0x3c build/inv_mpu_dmp_motion_driver.o
                0x08000c68                dmp_enable_6x_lp_quat
 .text.dmp_enable_feature
                0x08000ca4      0x218 build/inv_mpu_dmp_motion_driver.o
                0x08000ca4                dmp_enable_feature
 .text.dmp_read_fifo
                0x08000ebc      0x1d0 build/inv_mpu_dmp_motion_driver.o
                0x08000ebc                dmp_read_fifo
 .text.set_int_enable
                0x0800108c       0x98 build/inv_mpu.o
 .text.mpu_reset_fifo
                0x08001124      0x1f8 build/inv_mpu.o
                0x08001124                mpu_reset_fifo
 .text.mpu_set_gyro_fsr
                0x0800131c       0x98 build/inv_mpu.o
                0x0800131c                mpu_set_gyro_fsr
 .text.mpu_get_accel_fsr
                0x080013b4       0x44 build/inv_mpu.o
                0x080013b4                mpu_get_accel_fsr
 .text.mpu_set_accel_fsr
                0x080013f8       0x94 build/inv_mpu.o
                0x080013f8                mpu_set_accel_fsr
 .text.mpu_set_lpf
                0x0800148c       0x94 build/inv_mpu.o
                0x0800148c                mpu_set_lpf
 .text.mpu_configure_fifo
                0x08001520       0x64 build/inv_mpu.o
                0x08001520                mpu_configure_fifo
 .text.mpu_read_fifo_stream
                0x08001584       0xc0 build/inv_mpu.o
                0x08001584                mpu_read_fifo_stream
 .text.mpu_set_bypass
                0x08001644      0x168 build/inv_mpu.o
                0x08001644                mpu_set_bypass
 .text.mpu_set_int_latched
                0x080017ac       0x74 build/inv_mpu.o
                0x080017ac                mpu_set_int_latched
 .text.mpu_lp_accel_mode
                0x08001820       0xdc build/inv_mpu.o
                0x08001820                mpu_lp_accel_mode
 .text.mpu_set_sample_rate
                0x080018fc       0xa0 build/inv_mpu.o
                0x080018fc                mpu_set_sample_rate
 .text.mpu_set_sensors
                0x0800199c       0xf0 build/inv_mpu.o
                0x0800199c                mpu_set_sensors
 .text.mpu_init
                0x08001a8c       0xf0 build/inv_mpu.o
                0x08001a8c                mpu_init
 .text.mpu_write_mem
                0x08001b7c       0x74 build/inv_mpu.o
                0x08001b7c                mpu_write_mem
 .text.mpu_load_firmware
                0x08001bf0       0x54 build/inv_mpu.o
                0x08001bf0                mpu_load_firmware
 .text.mpu_set_dmp_state
                0x08001c44       0x94 build/inv_mpu.o
                0x08001c44                mpu_set_dmp_state
 .text.inv_row_2_scale
                0x08001cd8       0x3a build/mpu6050.o
 .text._mpu_get_timestamp
                0x08001d12        0xe build/mpu6050.o
 .text._ReadByte
                0x08001d20        0xe build/mpu6050.o
 .text._WriteByte
                0x08001d2e        0xe build/mpu6050.o
 .text._mpu_delay
                0x08001d3c        0x8 build/mpu6050.o
 *fill*         0x08001d44        0x4 
 .text._mpuReadData
                0x08001d48      0x1f8 build/mpu6050.o
 .text.inv_orientation_matrix_to_scalar
                0x08001f40       0x24 build/mpu6050.o
                0x08001f40                inv_orientation_matrix_to_scalar
 .text._mpu6050Init
                0x08001f64      0x114 build/mpu6050.o
 .text.MPU6050_Self_Creat
                0x08002078       0x24 build/mpu6050.o
                0x08002078                MPU6050_Self_Creat
 *fill*         0x0800209c        0x4 
 .text.Bulid_euler_angles
                0x080020a0       0xb8 build/attitude.o
 .text.attitude_self_Creat
                0x08002158       0x20 build/attitude.o
                0x08002158                attitude_self_Creat
 .text.AttitudeTsak
                0x08002178       0x64 build/attitude_task.o
 .text.xAttitudeTsakCreat
                0x080021dc       0x30 build/attitude_task.o
                0x080021dc                xAttitudeTsakCreat
 .text.AttitudeQueueCreat
                0x0800220c       0x18 build/attitude_task.o
                0x0800220c                AttitudeQueueCreat
 .text._write   0x08002224       0x18 build/printf_redefine.o
                0x08002224                _write
 .text.SystemClock_Config
                0x0800223c       0xac build/main.o
                0x0800223c                SystemClock_Config
 .text.main     0x080022e8       0x9c build/main.o
                0x080022e8                main
 .text.HAL_TIM_PeriodElapsedCallback
                0x08002384       0x18 build/main.o
                0x08002384                HAL_TIM_PeriodElapsedCallback
 .text.Error_Handler
                0x0800239c        0x2 build/main.o
                0x0800239c                Error_Handler
 *fill*         0x0800239e        0x2 
 .text.MX_GPIO_Init
                0x080023a0       0x8c build/gpio.o
                0x080023a0                MX_GPIO_Init
 .text.StartDefaultTask
                0x0800242c        0xa build/freertos.o
                0x0800242c                StartDefaultTask
 *fill*         0x08002436        0x2 
 .text.MX_FREERTOS_Init
                0x08002438       0x28 build/freertos.o
                0x08002438                MX_FREERTOS_Init
 .text.MX_I2C4_Init
                0x08002460       0x58 build/i2c.o
                0x08002460                MX_I2C4_Init
 .text.HAL_I2C_MspInit
                0x080024b8       0x70 build/i2c.o
                0x080024b8                HAL_I2C_MspInit
 .text.HAL_I2C_MspDeInit
                0x08002528       0x30 build/i2c.o
                0x08002528                HAL_I2C_MspDeInit
 .text.MX_UART5_Init
                0x08002558       0x38 build/usart.o
                0x08002558                MX_UART5_Init
 .text.HAL_UART_MspInit
                0x08002590       0x98 build/usart.o
                0x08002590                HAL_UART_MspInit
 .text.NMI_Handler
                0x08002628        0x2 build/stm32f7xx_it.o
                0x08002628                NMI_Handler
 .text.HardFault_Handler
                0x0800262a        0x2 build/stm32f7xx_it.o
                0x0800262a                HardFault_Handler
 .text.MemManage_Handler
                0x0800262c        0x2 build/stm32f7xx_it.o
                0x0800262c                MemManage_Handler
 .text.BusFault_Handler
                0x0800262e        0x2 build/stm32f7xx_it.o
                0x0800262e                BusFault_Handler
 .text.UsageFault_Handler
                0x08002630        0x2 build/stm32f7xx_it.o
                0x08002630                UsageFault_Handler
 .text.DebugMon_Handler
                0x08002632        0x2 build/stm32f7xx_it.o
                0x08002632                DebugMon_Handler
 .text.TIM1_UP_TIM10_IRQHandler
                0x08002634       0x10 build/stm32f7xx_it.o
                0x08002634                TIM1_UP_TIM10_IRQHandler
 .text.HAL_MspInit
                0x08002644       0x40 build/stm32f7xx_hal_msp.o
                0x08002644                HAL_MspInit
 .text.HAL_InitTick
                0x08002684       0x7c build/stm32f7xx_hal_timebase_tim.o
                0x08002684                HAL_InitTick
 .text.HAL_NVIC_SetPriorityGrouping
                0x08002700       0x24 build/stm32f7xx_hal_cortex.o
                0x08002700                HAL_NVIC_SetPriorityGrouping
 .text.HAL_NVIC_SetPriority
                0x08002724       0x64 build/stm32f7xx_hal_cortex.o
                0x08002724                HAL_NVIC_SetPriority
 .text.HAL_NVIC_EnableIRQ
                0x08002788       0x1c build/stm32f7xx_hal_cortex.o
                0x08002788                HAL_NVIC_EnableIRQ
 .text.HAL_RCC_OscConfig
                0x080027a4      0x444 build/stm32f7xx_hal_rcc.o
                0x080027a4                HAL_RCC_OscConfig
 .text.HAL_RCC_GetSysClockFreq
                0x08002be8       0xa0 build/stm32f7xx_hal_rcc.o
                0x08002be8                HAL_RCC_GetSysClockFreq
 .text.HAL_RCC_ClockConfig
                0x08002c88      0x16c build/stm32f7xx_hal_rcc.o
                0x08002c88                HAL_RCC_ClockConfig
 .text.HAL_RCC_GetHCLKFreq
                0x08002df4        0xc build/stm32f7xx_hal_rcc.o
                0x08002df4                HAL_RCC_GetHCLKFreq
 .text.HAL_RCC_GetPCLK1Freq
                0x08002e00       0x20 build/stm32f7xx_hal_rcc.o
                0x08002e00                HAL_RCC_GetPCLK1Freq
 .text.HAL_RCC_GetPCLK2Freq
                0x08002e20       0x20 build/stm32f7xx_hal_rcc.o
                0x08002e20                HAL_RCC_GetPCLK2Freq
 .text.HAL_RCC_GetClockConfig
                0x08002e40       0x3c build/stm32f7xx_hal_rcc.o
                0x08002e40                HAL_RCC_GetClockConfig
 .text.HAL_RCCEx_PeriphCLKConfig
                0x08002e7c      0x604 build/stm32f7xx_hal_rcc_ex.o
                0x08002e7c                HAL_RCCEx_PeriphCLKConfig
 .text.HAL_GPIO_Init
                0x08003480      0x1e0 build/stm32f7xx_hal_gpio.o
                0x08003480                HAL_GPIO_Init
 .text.HAL_GPIO_DeInit
                0x08003660      0x14c build/stm32f7xx_hal_gpio.o
                0x08003660                HAL_GPIO_DeInit
 .text.HAL_GPIO_WritePin
                0x080037ac        0xc build/stm32f7xx_hal_gpio.o
                0x080037ac                HAL_GPIO_WritePin
 .text.HAL_PWREx_EnableOverDrive
                0x080037b8       0x7c build/stm32f7xx_hal_pwr_ex.o
                0x080037b8                HAL_PWREx_EnableOverDrive
 .text.HAL_Init
                0x08003834       0x16 build/stm32f7xx_hal.o
                0x08003834                HAL_Init
 *fill*         0x0800384a        0x2 
 .text.HAL_IncTick
                0x0800384c       0x18 build/stm32f7xx_hal.o
                0x0800384c                HAL_IncTick
 .text.HAL_GetTick
                0x08003864        0xc build/stm32f7xx_hal.o
                0x08003864                HAL_GetTick
 .text.I2C_Flush_TXDR
                0x08003870       0x22 build/stm32f7xx_hal_i2c.o
 .text.I2C_TransferConfig
                0x08003892       0x36 build/stm32f7xx_hal_i2c.o
 .text.I2C_IsAcknowledgeFailed
                0x080038c8       0x90 build/stm32f7xx_hal_i2c.o
 .text.I2C_WaitOnTXISFlagUntilTimeout
                0x08003958       0x56 build/stm32f7xx_hal_i2c.o
 .text.I2C_WaitOnFlagUntilTimeout
                0x080039ae       0x56 build/stm32f7xx_hal_i2c.o
 .text.I2C_RequestMemoryWrite
                0x08003a04       0x7c build/stm32f7xx_hal_i2c.o
 .text.I2C_RequestMemoryRead
                0x08003a80       0x78 build/stm32f7xx_hal_i2c.o
 .text.I2C_WaitOnSTOPFlagUntilTimeout
                0x08003af8       0x50 build/stm32f7xx_hal_i2c.o
 .text.HAL_I2C_Init
                0x08003b48       0xbc build/stm32f7xx_hal_i2c.o
                0x08003b48                HAL_I2C_Init
 .text.HAL_I2C_DeInit
                0x08003c04       0x32 build/stm32f7xx_hal_i2c.o
                0x08003c04                HAL_I2C_DeInit
 .text.HAL_I2C_Mem_Write
                0x08003c36      0x1ae build/stm32f7xx_hal_i2c.o
                0x08003c36                HAL_I2C_Mem_Write
 .text.HAL_I2C_Mem_Read
                0x08003de4      0x1b4 build/stm32f7xx_hal_i2c.o
                0x08003de4                HAL_I2C_Mem_Read
 .text.HAL_I2CEx_ConfigAnalogFilter
                0x08003f98       0x5c build/stm32f7xx_hal_i2c_ex.o
                0x08003f98                HAL_I2CEx_ConfigAnalogFilter
 .text.HAL_I2CEx_ConfigDigitalFilter
                0x08003ff4       0x58 build/stm32f7xx_hal_i2c_ex.o
                0x08003ff4                HAL_I2CEx_ConfigDigitalFilter
 .text.HAL_TIM_Base_MspInit
                0x0800404c        0x2 build/stm32f7xx_hal_tim.o
                0x0800404c                HAL_TIM_Base_MspInit
 *fill*         0x0800404e        0x2 
 .text.HAL_TIM_Base_Start_IT
                0x08004050       0x2c build/stm32f7xx_hal_tim.o
                0x08004050                HAL_TIM_Base_Start_IT
 .text.HAL_TIM_OC_DelayElapsedCallback
                0x0800407c        0x2 build/stm32f7xx_hal_tim.o
                0x0800407c                HAL_TIM_OC_DelayElapsedCallback
 .text.HAL_TIM_IC_CaptureCallback
                0x0800407e        0x2 build/stm32f7xx_hal_tim.o
                0x0800407e                HAL_TIM_IC_CaptureCallback
 .text.HAL_TIM_PWM_PulseFinishedCallback
                0x08004080        0x2 build/stm32f7xx_hal_tim.o
                0x08004080                HAL_TIM_PWM_PulseFinishedCallback
 .text.HAL_TIM_TriggerCallback
                0x08004082        0x2 build/stm32f7xx_hal_tim.o
                0x08004082                HAL_TIM_TriggerCallback
 .text.HAL_TIM_IRQHandler
                0x08004084      0x19a build/stm32f7xx_hal_tim.o
                0x08004084                HAL_TIM_IRQHandler
 *fill*         0x0800421e        0x2 
 .text.TIM_Base_SetConfig
                0x08004220      0x10c build/stm32f7xx_hal_tim.o
                0x08004220                TIM_Base_SetConfig
 .text.HAL_TIM_Base_Init
                0x0800432c       0x34 build/stm32f7xx_hal_tim.o
                0x0800432c                HAL_TIM_Base_Init
 .text.HAL_TIMEx_CommutCallback
                0x08004360        0x2 build/stm32f7xx_hal_tim_ex.o
                0x08004360                HAL_TIMEx_CommutCallback
 .text.HAL_TIMEx_BreakCallback
                0x08004362        0x2 build/stm32f7xx_hal_tim_ex.o
                0x08004362                HAL_TIMEx_BreakCallback
 .text.HAL_TIMEx_Break2Callback
                0x08004364        0x2 build/stm32f7xx_hal_tim_ex.o
                0x08004364                HAL_TIMEx_Break2Callback
 *fill*         0x08004366        0x2 
 .text.UART_SetConfig
                0x08004368      0x3a0 build/stm32f7xx_hal_uart.o
                0x08004368                UART_SetConfig
 .text.UART_AdvFeatureConfig
                0x08004708       0xca build/stm32f7xx_hal_uart.o
                0x08004708                UART_AdvFeatureConfig
 .text.UART_WaitOnFlagUntilTimeout
                0x080047d2       0xa2 build/stm32f7xx_hal_uart.o
                0x080047d2                UART_WaitOnFlagUntilTimeout
 .text.HAL_UART_Transmit
                0x08004874       0xda build/stm32f7xx_hal_uart.o
                0x08004874                HAL_UART_Transmit
 .text.UART_CheckIdleState
                0x0800494e       0x6c build/stm32f7xx_hal_uart.o
                0x0800494e                UART_CheckIdleState
 .text.HAL_UART_Init
                0x080049ba       0x62 build/stm32f7xx_hal_uart.o
                0x080049ba                HAL_UART_Init
 .text.SystemInit
                0x08004a1c       0x1c build/system_stm32f7xx.o
                0x08004a1c                SystemInit
 .text.vListInitialise
                0x08004a38       0x16 build/list.o
                0x08004a38                vListInitialise
 .text.vListInitialiseItem
                0x08004a4e        0x6 build/list.o
                0x08004a4e                vListInitialiseItem
 .text.vListInsertEnd
                0x08004a54       0x16 build/list.o
                0x08004a54                vListInsertEnd
 .text.vListInsert
                0x08004a6a       0x32 build/list.o
                0x08004a6a                vListInsert
 .text.uxListRemove
                0x08004a9c       0x26 build/list.o
                0x08004a9c                uxListRemove
 .text.prvIsQueueFull
                0x08004ac2       0x1e build/queue.o
 .text.prvIsQueueEmpty
                0x08004ae0       0x1a build/queue.o
 .text.prvCopyDataToQueue
                0x08004afa       0x76 build/queue.o
 .text.prvCopyDataFromQueue
                0x08004b70       0x24 build/queue.o
 .text.prvUnlockQueue
                0x08004b94       0x6e build/queue.o
 *fill*         0x08004c02        0x2 
 .text.xQueueGenericReset
                0x08004c04       0x88 build/queue.o
                0x08004c04                xQueueGenericReset
 .text.prvInitialiseNewQueue
                0x08004c8c       0x22 build/queue.o
 .text.xQueueGenericCreateStatic
                0x08004cae       0xb6 build/queue.o
                0x08004cae                xQueueGenericCreateStatic
 .text.xQueueGenericCreate
                0x08004d64       0x52 build/queue.o
                0x08004d64                xQueueGenericCreate
 *fill*         0x08004db6        0x2 
 .text.xQueueGenericSend
                0x08004db8      0x190 build/queue.o
                0x08004db8                xQueueGenericSend
 .text.xQueueGenericSendFromISR
                0x08004f48       0xde build/queue.o
                0x08004f48                xQueueGenericSendFromISR
 *fill*         0x08005026        0x2 
 .text.xQueueReceive
                0x08005028      0x168 build/queue.o
                0x08005028                xQueueReceive
 .text.vQueueAddToRegistry
                0x08005190       0x28 build/queue.o
                0x08005190                vQueueAddToRegistry
 .text.vQueueWaitForMessageRestricted
                0x080051b8       0x52 build/queue.o
                0x080051b8                vQueueWaitForMessageRestricted
 *fill*         0x0800520a        0x2 
 .text.prvResetNextTaskUnblockTime
                0x0800520c       0x2c build/tasks.o
 .text.prvInitialiseNewTask
                0x08005238       0x9a build/tasks.o
 *fill*         0x080052d2        0x2 
 .text.prvInitialiseTaskLists
                0x080052d4       0x68 build/tasks.o
 .text.prvAddNewTaskToReadyList
                0x0800533c       0xac build/tasks.o
 .text.prvDeleteTCB
                0x080053e8       0x3c build/tasks.o
 .text.prvCheckTasksWaitingTermination
                0x08005424       0x4c build/tasks.o
 .text.prvIdleTask
                0x08005470       0x28 build/tasks.o
 .text.prvAddCurrentTaskToDelayedList
                0x08005498       0x84 build/tasks.o
 .text.xTaskCreateStatic
                0x0800551c       0x80 build/tasks.o
                0x0800551c                xTaskCreateStatic
 .text.xTaskCreate
                0x0800559c       0x68 build/tasks.o
                0x0800559c                xTaskCreate
 .text.vTaskStartScheduler
                0x08005604       0x9c build/tasks.o
                0x08005604                vTaskStartScheduler
 .text.vTaskSuspendAll
                0x080056a0       0x10 build/tasks.o
                0x080056a0                vTaskSuspendAll
 .text.xTaskGetTickCount
                0x080056b0        0xc build/tasks.o
                0x080056b0                xTaskGetTickCount
 .text.xTaskIncrementTick
                0x080056bc      0x11c build/tasks.o
                0x080056bc                xTaskIncrementTick
 .text.xTaskResumeAll
                0x080057d8       0xfc build/tasks.o
                0x080057d8                xTaskResumeAll
 .text.vTaskDelay
                0x080058d4       0x50 build/tasks.o
                0x080058d4                vTaskDelay
 .text.vTaskSwitchContext
                0x08005924       0x9c build/tasks.o
                0x08005924                vTaskSwitchContext
 .text.vTaskPlaceOnEventList
                0x080059c0       0x34 build/tasks.o
                0x080059c0                vTaskPlaceOnEventList
 .text.vTaskPlaceOnEventListRestricted
                0x080059f4       0x3c build/tasks.o
                0x080059f4                vTaskPlaceOnEventListRestricted
 .text.xTaskRemoveFromEventList
                0x08005a30       0x90 build/tasks.o
                0x08005a30                xTaskRemoveFromEventList
 .text.vTaskInternalSetTimeOutState
                0x08005ac0       0x18 build/tasks.o
                0x08005ac0                vTaskInternalSetTimeOutState
 .text.xTaskCheckForTimeOut
                0x08005ad8       0x8c build/tasks.o
                0x08005ad8                xTaskCheckForTimeOut
 .text.vTaskMissedYield
                0x08005b64        0xc build/tasks.o
                0x08005b64                vTaskMissedYield
 .text.xTaskGetSchedulerState
                0x08005b70       0x20 build/tasks.o
                0x08005b70                xTaskGetSchedulerState
 .text.xTaskPriorityDisinherit
                0x08005b90       0x98 build/tasks.o
                0x08005b90                xTaskPriorityDisinherit
 .text.prvGetNextExpireTime
                0x08005c28       0x20 build/timers.o
 .text.prvInsertTimerInActiveList
                0x08005c48       0x50 build/timers.o
 .text.prvCheckForValidListAndQueue
                0x08005c98       0x70 build/timers.o
 .text.xTimerCreateTimerTask
                0x08005d08       0x68 build/timers.o
                0x08005d08                xTimerCreateTimerTask
 .text.xTimerGenericCommand
                0x08005d70       0x70 build/timers.o
                0x08005d70                xTimerGenericCommand
 .text.prvSwitchTimerLists
                0x08005de0       0x80 build/timers.o
 .text.prvSampleTimeNow
                0x08005e60       0x2c build/timers.o
 .text.prvProcessExpiredTimer
                0x08005e8c       0x70 build/timers.o
 .text.prvProcessTimerOrBlockTask
                0x08005efc       0x80 build/timers.o
 .text.prvProcessReceivedCommands
                0x08005f7c      0x114 build/timers.o
 .text.prvTimerTask
                0x08006090       0x16 build/timers.o
 *fill*         0x080060a6        0x2 
 .text.osKernelInitialize
                0x080060a8       0x3c build/cmsis_os2.o
                0x080060a8                osKernelInitialize
 .text.osKernelStart
                0x080060e4       0x48 build/cmsis_os2.o
                0x080060e4                osKernelStart
 .text.osThreadNew
                0x0800612c       0xd8 build/cmsis_os2.o
                0x0800612c                osThreadNew
 .text.osDelay  0x08006204       0x3c build/cmsis_os2.o
                0x08006204                osDelay
 .text.vApplicationGetIdleTaskMemory
                0x08006240       0x18 build/cmsis_os2.o
                0x08006240                vApplicationGetIdleTaskMemory
 .text.vApplicationGetTimerTaskMemory
                0x08006258       0x18 build/cmsis_os2.o
                0x08006258                vApplicationGetTimerTaskMemory
 .text.prvHeapInit
                0x08006270       0x64 build/heap_4.o
 .text.prvInsertBlockIntoFreeList
                0x080062d4       0x58 build/heap_4.o
 .text.pvPortMalloc
                0x0800632c       0xf8 build/heap_4.o
                0x0800632c                pvPortMalloc
 .text.vPortFree
                0x08006424       0x78 build/heap_4.o
                0x08006424                vPortFree
 .text.prvTaskExitError
                0x0800649c       0x48 build/port.o
 .text.prvPortStartFirstTask
                0x080064e4       0x28 build/port.o
 .text.vPortEnableVFP
                0x0800650c       0x14 build/port.o
 .text.pxPortInitialiseStack
                0x08006520       0x2c build/port.o
                0x08006520                pxPortInitialiseStack
 *fill*         0x0800654c        0x4 
 .text.SVC_Handler
                0x08006550       0x24 build/port.o
                0x08006550                SVC_Handler
 .text.vPortEnterCritical
                0x08006574       0x4c build/port.o
                0x08006574                vPortEnterCritical
 .text.vPortExitCritical
                0x080065c0       0x30 build/port.o
                0x080065c0                vPortExitCritical
 .text.PendSV_Handler
                0x080065f0       0x64 build/port.o
                0x080065f0                PendSV_Handler
 .text.SysTick_Handler
                0x08006654       0x30 build/port.o
                0x08006654                SysTick_Handler
 .text.vPortSetupTimerInterrupt
                0x08006684       0x38 build/port.o
                0x08006684                vPortSetupTimerInterrupt
 .text.xPortStartScheduler
                0x080066bc       0xd0 build/port.o
                0x080066bc                xPortStartScheduler
 .text.vPortValidateInterruptPriority
                0x0800678c       0x64 build/port.o
                0x0800678c                vPortValidateInterruptPriority
 .text.Reset_Handler
                0x080067f0       0x50 build/startup_stm32f767xx.o
                0x080067f0                Reset_Handler
 .text.Default_Handler
                0x08006840        0x2 build/startup_stm32f767xx.o
                0x08006840                RTC_Alarm_IRQHandler
                0x08006840                EXTI2_IRQHandler
                0x08006840                TIM8_CC_IRQHandler
                0x08006840                UART8_IRQHandler
                0x08006840                SPI4_IRQHandler
                0x08006840                TIM1_CC_IRQHandler
                0x08006840                DMA2_Stream5_IRQHandler
                0x08006840                JPEG_IRQHandler
                0x08006840                DMA1_Stream5_IRQHandler
                0x08006840                CAN3_RX1_IRQHandler
                0x08006840                PVD_IRQHandler
                0x08006840                TAMP_STAMP_IRQHandler
                0x08006840                CAN2_RX1_IRQHandler
                0x08006840                EXTI3_IRQHandler
                0x08006840                TIM8_TRG_COM_TIM14_IRQHandler
                0x08006840                DFSDM1_FLT1_IRQHandler
                0x08006840                TIM8_UP_TIM13_IRQHandler
                0x08006840                I2C3_ER_IRQHandler
                0x08006840                DFSDM1_FLT2_IRQHandler
                0x08006840                EXTI0_IRQHandler
                0x08006840                I2C2_EV_IRQHandler
                0x08006840                DMA1_Stream2_IRQHandler
                0x08006840                CAN1_RX0_IRQHandler
                0x08006840                FPU_IRQHandler
                0x08006840                OTG_HS_WKUP_IRQHandler
                0x08006840                CAN3_SCE_IRQHandler
                0x08006840                LTDC_ER_IRQHandler
                0x08006840                CAN2_SCE_IRQHandler
                0x08006840                DMA2_Stream2_IRQHandler
                0x08006840                SPI1_IRQHandler
                0x08006840                TIM6_DAC_IRQHandler
                0x08006840                TIM1_BRK_TIM9_IRQHandler
                0x08006840                DCMI_IRQHandler
                0x08006840                CAN2_RX0_IRQHandler
                0x08006840                DMA2_Stream3_IRQHandler
                0x08006840                SAI2_IRQHandler
                0x08006840                DFSDM1_FLT3_IRQHandler
                0x08006840                USART6_IRQHandler
                0x08006840                CAN3_RX0_IRQHandler
                0x08006840                USART3_IRQHandler
                0x08006840                CAN1_RX1_IRQHandler
                0x08006840                UART5_IRQHandler
                0x08006840                DMA2_Stream0_IRQHandler
                0x08006840                TIM4_IRQHandler
                0x08006840                QUADSPI_IRQHandler
                0x08006840                I2C1_EV_IRQHandler
                0x08006840                DMA1_Stream6_IRQHandler
                0x08006840                DMA1_Stream1_IRQHandler
                0x08006840                UART4_IRQHandler
                0x08006840                TIM3_IRQHandler
                0x08006840                RCC_IRQHandler
                0x08006840                TIM8_BRK_TIM12_IRQHandler
                0x08006840                Default_Handler
                0x08006840                CEC_IRQHandler
                0x08006840                EXTI15_10_IRQHandler
                0x08006840                ADC_IRQHandler
                0x08006840                DMA1_Stream7_IRQHandler
                0x08006840                SPI5_IRQHandler
                0x08006840                TIM7_IRQHandler
                0x08006840                SDMMC1_IRQHandler
                0x08006840                CAN2_TX_IRQHandler
                0x08006840                TIM5_IRQHandler
                0x08006840                DMA2_Stream7_IRQHandler
                0x08006840                I2C3_EV_IRQHandler
                0x08006840                EXTI9_5_IRQHandler
                0x08006840                RTC_WKUP_IRQHandler
                0x08006840                LTDC_IRQHandler
                0x08006840                ETH_WKUP_IRQHandler
                0x08006840                SPDIF_RX_IRQHandler
                0x08006840                SPI2_IRQHandler
                0x08006840                OTG_HS_EP1_IN_IRQHandler
                0x08006840                DMA1_Stream0_IRQHandler
                0x08006840                CAN1_TX_IRQHandler
                0x08006840                EXTI4_IRQHandler
                0x08006840                RNG_IRQHandler
                0x08006840                ETH_IRQHandler
                0x08006840                OTG_HS_EP1_OUT_IRQHandler
                0x08006840                WWDG_IRQHandler
                0x08006840                SPI6_IRQHandler
                0x08006840                MDIOS_IRQHandler
                0x08006840                I2C4_EV_IRQHandler
                0x08006840                CAN3_TX_IRQHandler
                0x08006840                TIM2_IRQHandler
                0x08006840                OTG_FS_WKUP_IRQHandler
                0x08006840                TIM1_TRG_COM_TIM11_IRQHandler
                0x08006840                OTG_HS_IRQHandler
                0x08006840                DMA2D_IRQHandler
                0x08006840                EXTI1_IRQHandler
                0x08006840                SDMMC2_IRQHandler
                0x08006840                UART7_IRQHandler
                0x08006840                USART2_IRQHandler
                0x08006840                DFSDM1_FLT0_IRQHandler
                0x08006840                I2C2_ER_IRQHandler
                0x08006840                DMA2_Stream1_IRQHandler
                0x08006840                CAN1_SCE_IRQHandler
                0x08006840                FLASH_IRQHandler
                0x08006840                DMA2_Stream4_IRQHandler
                0x08006840                USART1_IRQHandler
                0x08006840                OTG_FS_IRQHandler
                0x08006840                SPI3_IRQHandler
                0x08006840                DMA1_Stream4_IRQHandler
                0x08006840                I2C1_ER_IRQHandler
                0x08006840                FMC_IRQHandler
                0x08006840                LPTIM1_IRQHandler
                0x08006840                I2C4_ER_IRQHandler
                0x08006840                DMA2_Stream6_IRQHandler
                0x08006840                SAI1_IRQHandler
                0x08006840                DMA1_Stream3_IRQHandler
 *fill*         0x08006842        0x2 
 .text.__libc_init_array
                0x08006844       0x48 f:/prosoft/gcc_arm_none/2019q4/9 2019-q4-major/bin/../lib/gcc/arm-none-eabi/9.2.1/../../../../arm-none-eabi/lib/thumb/v7e-m+dp/hard\libc_nano.a(lib_a-init.o)
                0x08006844                __libc_init_array
 .text.memcpy   0x0800688c       0x1c f:/prosoft/gcc_arm_none/2019q4/9 2019-q4-major/bin/../lib/gcc/arm-none-eabi/9.2.1/../../../../arm-none-eabi/lib/thumb/v7e-m+dp/hard\libc_nano.a(lib_a-memcpy-stub.o)
                0x0800688c                memcpy
 .text.memset   0x080068a8       0x10 f:/prosoft/gcc_arm_none/2019q4/9 2019-q4-major/bin/../lib/gcc/arm-none-eabi/9.2.1/../../../../arm-none-eabi/lib/thumb/v7e-m+dp/hard\libc_nano.a(lib_a-memset.o)
                0x080068a8                memset
 .text.__cvt    0x080068b8       0xa4 f:/prosoft/gcc_arm_none/2019q4/9 2019-q4-major/bin/../lib/gcc/arm-none-eabi/9.2.1/../../../../arm-none-eabi/lib/thumb/v7e-m+dp/hard\libc_nano.a(lib_a-nano-vfprintf_float.o)
                0x080068b8                __cvt
 .text.__exponent
                0x0800695c       0x7c f:/prosoft/gcc_arm_none/2019q4/9 2019-q4-major/bin/../lib/gcc/arm-none-eabi/9.2.1/../../../../arm-none-eabi/lib/thumb/v7e-m+dp/hard\libc_nano.a(lib_a-nano-vfprintf_float.o)
                0x0800695c                __exponent
 .text._printf_float
                0x080069d8      0x43c f:/prosoft/gcc_arm_none/2019q4/9 2019-q4-major/bin/../lib/gcc/arm-none-eabi/9.2.1/../../../../arm-none-eabi/lib/thumb/v7e-m+dp/hard\libc_nano.a(lib_a-nano-vfprintf_float.o)
                0x080069d8                _printf_float
 .text._printf_common
                0x08006e14       0xda f:/prosoft/gcc_arm_none/2019q4/9 2019-q4-major/bin/../lib/gcc/arm-none-eabi/9.2.1/../../../../arm-none-eabi/lib/thumb/v7e-m+dp/hard\libc_nano.a(lib_a-nano-vfprintf_i.o)
                0x08006e14                _printf_common
 *fill*         0x08006eee        0x2 
 .text._printf_i
                0x08006ef0      0x24c f:/prosoft/gcc_arm_none/2019q4/9 2019-q4-major/bin/../lib/gcc/arm-none-eabi/9.2.1/../../../../arm-none-eabi/lib/thumb/v7e-m+dp/hard\libc_nano.a(lib_a-nano-vfprintf_i.o)
                0x08006ef0                _printf_i
 .text.printf   0x0800713c       0x30 f:/prosoft/gcc_arm_none/2019q4/9 2019-q4-major/bin/../lib/gcc/arm-none-eabi/9.2.1/../../../../arm-none-eabi/lib/thumb/v7e-m+dp/hard\libc_nano.a(lib_a-printf.o)
                0x0800713c                iprintf
                0x0800713c                printf
 .text.quorem   0x0800716c      0x116 f:/prosoft/gcc_arm_none/2019q4/9 2019-q4-major/bin/../lib/gcc/arm-none-eabi/9.2.1/../../../../arm-none-eabi/lib/thumb/v7e-m+dp/hard\libc_nano.a(lib_a-dtoa.o)
 *fill*         0x08007282        0x6 
 .text._dtoa_r  0x08007288      0xad8 f:/prosoft/gcc_arm_none/2019q4/9 2019-q4-major/bin/../lib/gcc/arm-none-eabi/9.2.1/../../../../arm-none-eabi/lib/thumb/v7e-m+dp/hard\libc_nano.a(lib_a-dtoa.o)
                0x08007288                _dtoa_r
 .text.std      0x08007d60       0x48 f:/prosoft/gcc_arm_none/2019q4/9 2019-q4-major/bin/../lib/gcc/arm-none-eabi/9.2.1/../../../../arm-none-eabi/lib/thumb/v7e-m+dp/hard\libc_nano.a(lib_a-findfp.o)
 .text._cleanup_r
                0x08007da8        0xc f:/prosoft/gcc_arm_none/2019q4/9 2019-q4-major/bin/../lib/gcc/arm-none-eabi/9.2.1/../../../../arm-none-eabi/lib/thumb/v7e-m+dp/hard\libc_nano.a(lib_a-findfp.o)
                0x08007da8                _cleanup_r
 .text.__sfmoreglue
                0x08007db4       0x2c f:/prosoft/gcc_arm_none/2019q4/9 2019-q4-major/bin/../lib/gcc/arm-none-eabi/9.2.1/../../../../arm-none-eabi/lib/thumb/v7e-m+dp/hard\libc_nano.a(lib_a-findfp.o)
                0x08007db4                __sfmoreglue
 .text.__sfp_lock_acquire
                0x08007de0        0xc f:/prosoft/gcc_arm_none/2019q4/9 2019-q4-major/bin/../lib/gcc/arm-none-eabi/9.2.1/../../../../arm-none-eabi/lib/thumb/v7e-m+dp/hard\libc_nano.a(lib_a-findfp.o)
                0x08007de0                __sfp_lock_acquire
 .text.__sfp_lock_release
                0x08007dec        0xc f:/prosoft/gcc_arm_none/2019q4/9 2019-q4-major/bin/../lib/gcc/arm-none-eabi/9.2.1/../../../../arm-none-eabi/lib/thumb/v7e-m+dp/hard\libc_nano.a(lib_a-findfp.o)
                0x08007dec                __sfp_lock_release
 .text.__sinit_lock_acquire
                0x08007df8        0xc f:/prosoft/gcc_arm_none/2019q4/9 2019-q4-major/bin/../lib/gcc/arm-none-eabi/9.2.1/../../../../arm-none-eabi/lib/thumb/v7e-m+dp/hard\libc_nano.a(lib_a-findfp.o)
                0x08007df8                __sinit_lock_acquire
 .text.__sinit_lock_release
                0x08007e04        0xc f:/prosoft/gcc_arm_none/2019q4/9 2019-q4-major/bin/../lib/gcc/arm-none-eabi/9.2.1/../../../../arm-none-eabi/lib/thumb/v7e-m+dp/hard\libc_nano.a(lib_a-findfp.o)
                0x08007e04                __sinit_lock_release
 .text.__sinit  0x08007e10       0x70 f:/prosoft/gcc_arm_none/2019q4/9 2019-q4-major/bin/../lib/gcc/arm-none-eabi/9.2.1/../../../../arm-none-eabi/lib/thumb/v7e-m+dp/hard\libc_nano.a(lib_a-findfp.o)
                0x08007e10                __sinit
 .text.__sfp    0x08007e80       0x8c f:/prosoft/gcc_arm_none/2019q4/9 2019-q4-major/bin/../lib/gcc/arm-none-eabi/9.2.1/../../../../arm-none-eabi/lib/thumb/v7e-m+dp/hard\libc_nano.a(lib_a-findfp.o)
                0x08007e80                __sfp
 .text._fwalk_reent
                0x08007f0c       0x3e f:/prosoft/gcc_arm_none/2019q4/9 2019-q4-major/bin/../lib/gcc/arm-none-eabi/9.2.1/../../../../arm-none-eabi/lib/thumb/v7e-m+dp/hard\libc_nano.a(lib_a-fwalk.o)
                0x08007f0c                _fwalk_reent
 *fill*         0x08007f4a        0x2 
 .text._localeconv_r
                0x08007f4c        0x8 f:/prosoft/gcc_arm_none/2019q4/9 2019-q4-major/bin/../lib/gcc/arm-none-eabi/9.2.1/../../../../arm-none-eabi/lib/thumb/v7e-m+dp/hard\libc_nano.a(lib_a-localeconv.o)
                0x08007f4c                _localeconv_r
 .text.__retarget_lock_init_recursive
                0x08007f54        0x2 f:/prosoft/gcc_arm_none/2019q4/9 2019-q4-major/bin/../lib/gcc/arm-none-eabi/9.2.1/../../../../arm-none-eabi/lib/thumb/v7e-m+dp/hard\libc_nano.a(lib_a-lock.o)
                0x08007f54                __retarget_lock_init_recursive
 .text.__retarget_lock_acquire_recursive
                0x08007f56        0x2 f:/prosoft/gcc_arm_none/2019q4/9 2019-q4-major/bin/../lib/gcc/arm-none-eabi/9.2.1/../../../../arm-none-eabi/lib/thumb/v7e-m+dp/hard\libc_nano.a(lib_a-lock.o)
                0x08007f56                __retarget_lock_acquire_recursive
 .text.__retarget_lock_release_recursive
                0x08007f58        0x2 f:/prosoft/gcc_arm_none/2019q4/9 2019-q4-major/bin/../lib/gcc/arm-none-eabi/9.2.1/../../../../arm-none-eabi/lib/thumb/v7e-m+dp/hard\libc_nano.a(lib_a-lock.o)
                0x08007f58                __retarget_lock_release_recursive
 *fill*         0x08007f5a        0x2 
 .text.malloc   0x08007f5c       0x10 f:/prosoft/gcc_arm_none/2019q4/9 2019-q4-major/bin/../lib/gcc/arm-none-eabi/9.2.1/../../../../arm-none-eabi/lib/thumb/v7e-m+dp/hard\libc_nano.a(lib_a-malloc.o)
                0x08007f5c                malloc
 .text._Balloc  0x08007f6c       0x68 f:/prosoft/gcc_arm_none/2019q4/9 2019-q4-major/bin/../lib/gcc/arm-none-eabi/9.2.1/../../../../arm-none-eabi/lib/thumb/v7e-m+dp/hard\libc_nano.a(lib_a-mprec.o)
                0x08007f6c                _Balloc
 .text._Bfree   0x08007fd4       0x2e f:/prosoft/gcc_arm_none/2019q4/9 2019-q4-major/bin/../lib/gcc/arm-none-eabi/9.2.1/../../../../arm-none-eabi/lib/thumb/v7e-m+dp/hard\libc_nano.a(lib_a-mprec.o)
                0x08007fd4                _Bfree
 .text.__multadd
                0x08008002       0x7c f:/prosoft/gcc_arm_none/2019q4/9 2019-q4-major/bin/../lib/gcc/arm-none-eabi/9.2.1/../../../../arm-none-eabi/lib/thumb/v7e-m+dp/hard\libc_nano.a(lib_a-mprec.o)
                0x08008002                __multadd
 .text.__hi0bits
                0x0800807e       0x40 f:/prosoft/gcc_arm_none/2019q4/9 2019-q4-major/bin/../lib/gcc/arm-none-eabi/9.2.1/../../../../arm-none-eabi/lib/thumb/v7e-m+dp/hard\libc_nano.a(lib_a-mprec.o)
                0x0800807e                __hi0bits
 .text.__lo0bits
                0x080080be       0x60 f:/prosoft/gcc_arm_none/2019q4/9 2019-q4-major/bin/../lib/gcc/arm-none-eabi/9.2.1/../../../../arm-none-eabi/lib/thumb/v7e-m+dp/hard\libc_nano.a(lib_a-mprec.o)
                0x080080be                __lo0bits
 .text.__i2b    0x0800811e       0x12 f:/prosoft/gcc_arm_none/2019q4/9 2019-q4-major/bin/../lib/gcc/arm-none-eabi/9.2.1/../../../../arm-none-eabi/lib/thumb/v7e-m+dp/hard\libc_nano.a(lib_a-mprec.o)
                0x0800811e                __i2b
 .text.__multiply
                0x08008130      0x138 f:/prosoft/gcc_arm_none/2019q4/9 2019-q4-major/bin/../lib/gcc/arm-none-eabi/9.2.1/../../../../arm-none-eabi/lib/thumb/v7e-m+dp/hard\libc_nano.a(lib_a-mprec.o)
                0x08008130                __multiply
 .text.__pow5mult
                0x08008268       0x9c f:/prosoft/gcc_arm_none/2019q4/9 2019-q4-major/bin/../lib/gcc/arm-none-eabi/9.2.1/../../../../arm-none-eabi/lib/thumb/v7e-m+dp/hard\libc_nano.a(lib_a-mprec.o)
                0x08008268                __pow5mult
 .text.__lshift
                0x08008304       0xbe f:/prosoft/gcc_arm_none/2019q4/9 2019-q4-major/bin/../lib/gcc/arm-none-eabi/9.2.1/../../../../arm-none-eabi/lib/thumb/v7e-m+dp/hard\libc_nano.a(lib_a-mprec.o)
                0x08008304                __lshift
 .text.__mcmp   0x080083c2       0x38 f:/prosoft/gcc_arm_none/2019q4/9 2019-q4-major/bin/../lib/gcc/arm-none-eabi/9.2.1/../../../../arm-none-eabi/lib/thumb/v7e-m+dp/hard\libc_nano.a(lib_a-mprec.o)
                0x080083c2                __mcmp
 .text.__mdiff  0x080083fa       0xec f:/prosoft/gcc_arm_none/2019q4/9 2019-q4-major/bin/../lib/gcc/arm-none-eabi/9.2.1/../../../../arm-none-eabi/lib/thumb/v7e-m+dp/hard\libc_nano.a(lib_a-mprec.o)
                0x080083fa                __mdiff
 .text.__d2b    0x080084e6       0xa0 f:/prosoft/gcc_arm_none/2019q4/9 2019-q4-major/bin/../lib/gcc/arm-none-eabi/9.2.1/../../../../arm-none-eabi/lib/thumb/v7e-m+dp/hard\libc_nano.a(lib_a-mprec.o)
                0x080084e6                __d2b
 .text._calloc_r
                0x08008586       0x1e f:/prosoft/gcc_arm_none/2019q4/9 2019-q4-major/bin/../lib/gcc/arm-none-eabi/9.2.1/../../../../arm-none-eabi/lib/thumb/v7e-m+dp/hard\libc_nano.a(lib_a-nano-callocr.o)
                0x08008586                _calloc_r
 .text._free_r  0x080085a4       0xa0 f:/prosoft/gcc_arm_none/2019q4/9 2019-q4-major/bin/../lib/gcc/arm-none-eabi/9.2.1/../../../../arm-none-eabi/lib/thumb/v7e-m+dp/hard\libc_nano.a(lib_a-nano-freer.o)
                0x080085a4                _free_r
 .text._malloc_r
                0x08008644       0xb4 f:/prosoft/gcc_arm_none/2019q4/9 2019-q4-major/bin/../lib/gcc/arm-none-eabi/9.2.1/../../../../arm-none-eabi/lib/thumb/v7e-m+dp/hard\libc_nano.a(lib_a-nano-mallocr.o)
                0x08008644                _malloc_r
 .text.__sfputc_r
                0x080086f8       0x2e f:/prosoft/gcc_arm_none/2019q4/9 2019-q4-major/bin/../lib/gcc/arm-none-eabi/9.2.1/../../../../arm-none-eabi/lib/thumb/v7e-m+dp/hard\libc_nano.a(lib_a-nano-vfprintf.o)
 .text.__sfputs_r
                0x08008726       0x24 f:/prosoft/gcc_arm_none/2019q4/9 2019-q4-major/bin/../lib/gcc/arm-none-eabi/9.2.1/../../../../arm-none-eabi/lib/thumb/v7e-m+dp/hard\libc_nano.a(lib_a-nano-vfprintf.o)
                0x08008726                __sfputs_r
 *fill*         0x0800874a        0x2 
 .text._vfprintf_r
                0x0800874c      0x260 f:/prosoft/gcc_arm_none/2019q4/9 2019-q4-major/bin/../lib/gcc/arm-none-eabi/9.2.1/../../../../arm-none-eabi/lib/thumb/v7e-m+dp/hard\libc_nano.a(lib_a-nano-vfprintf.o)
                0x0800874c                _vfprintf_r
                0x0800874c                _vfiprintf_r
 .text._sbrk_r  0x080089ac       0x20 f:/prosoft/gcc_arm_none/2019q4/9 2019-q4-major/bin/../lib/gcc/arm-none-eabi/9.2.1/../../../../arm-none-eabi/lib/thumb/v7e-m+dp/hard\libc_nano.a(lib_a-sbrkr.o)
                0x080089ac                _sbrk_r
 .text.__sread  0x080089cc       0x22 f:/prosoft/gcc_arm_none/2019q4/9 2019-q4-major/bin/../lib/gcc/arm-none-eabi/9.2.1/../../../../arm-none-eabi/lib/thumb/v7e-m+dp/hard\libc_nano.a(lib_a-stdio.o)
                0x080089cc                __sread
 .text.__swrite
                0x080089ee       0x38 f:/prosoft/gcc_arm_none/2019q4/9 2019-q4-major/bin/../lib/gcc/arm-none-eabi/9.2.1/../../../../arm-none-eabi/lib/thumb/v7e-m+dp/hard\libc_nano.a(lib_a-stdio.o)
                0x080089ee                __swrite
 .text.__sseek  0x08008a26       0x24 f:/prosoft/gcc_arm_none/2019q4/9 2019-q4-major/bin/../lib/gcc/arm-none-eabi/9.2.1/../../../../arm-none-eabi/lib/thumb/v7e-m+dp/hard\libc_nano.a(lib_a-stdio.o)
                0x08008a26                __sseek
 .text.__sclose
                0x08008a4a        0x8 f:/prosoft/gcc_arm_none/2019q4/9 2019-q4-major/bin/../lib/gcc/arm-none-eabi/9.2.1/../../../../arm-none-eabi/lib/thumb/v7e-m+dp/hard\libc_nano.a(lib_a-stdio.o)
                0x08008a4a                __sclose
 *fill*         0x08008a52        0x2 
 .text.__swbuf_r
                0x08008a54       0xa4 f:/prosoft/gcc_arm_none/2019q4/9 2019-q4-major/bin/../lib/gcc/arm-none-eabi/9.2.1/../../../../arm-none-eabi/lib/thumb/v7e-m+dp/hard\libc_nano.a(lib_a-wbuf.o)
                0x08008a54                __swbuf_r
 .text._write_r
                0x08008af8       0x24 f:/prosoft/gcc_arm_none/2019q4/9 2019-q4-major/bin/../lib/gcc/arm-none-eabi/9.2.1/../../../../arm-none-eabi/lib/thumb/v7e-m+dp/hard\libc_nano.a(lib_a-writer.o)
                0x08008af8                _write_r
 .text.__swsetup_r
                0x08008b1c       0xdc f:/prosoft/gcc_arm_none/2019q4/9 2019-q4-major/bin/../lib/gcc/arm-none-eabi/9.2.1/../../../../arm-none-eabi/lib/thumb/v7e-m+dp/hard\libc_nano.a(lib_a-wsetup.o)
                0x08008b1c                __swsetup_r
 .text._close_r
                0x08008bf8       0x20 f:/prosoft/gcc_arm_none/2019q4/9 2019-q4-major/bin/../lib/gcc/arm-none-eabi/9.2.1/../../../../arm-none-eabi/lib/thumb/v7e-m+dp/hard\libc_nano.a(lib_a-closer.o)
                0x08008bf8                _close_r
 .text.__sflush_r
                0x08008c18      0x10c f:/prosoft/gcc_arm_none/2019q4/9 2019-q4-major/bin/../lib/gcc/arm-none-eabi/9.2.1/../../../../arm-none-eabi/lib/thumb/v7e-m+dp/hard\libc_nano.a(lib_a-fflush.o)
                0x08008c18                __sflush_r
 .text._fflush_r
                0x08008d24       0x78 f:/prosoft/gcc_arm_none/2019q4/9 2019-q4-major/bin/../lib/gcc/arm-none-eabi/9.2.1/../../../../arm-none-eabi/lib/thumb/v7e-m+dp/hard\libc_nano.a(lib_a-fflush.o)
                0x08008d24                _fflush_r
 .text._lseek_r
                0x08008d9c       0x24 f:/prosoft/gcc_arm_none/2019q4/9 2019-q4-major/bin/../lib/gcc/arm-none-eabi/9.2.1/../../../../arm-none-eabi/lib/thumb/v7e-m+dp/hard\libc_nano.a(lib_a-lseekr.o)
                0x08008d9c                _lseek_r
 .text.__swhatbuf_r
                0x08008dc0       0x48 f:/prosoft/gcc_arm_none/2019q4/9 2019-q4-major/bin/../lib/gcc/arm-none-eabi/9.2.1/../../../../arm-none-eabi/lib/thumb/v7e-m+dp/hard\libc_nano.a(lib_a-makebuf.o)
                0x08008dc0                __swhatbuf_r
 .text.__smakebuf_r
                0x08008e08       0x80 f:/prosoft/gcc_arm_none/2019q4/9 2019-q4-major/bin/../lib/gcc/arm-none-eabi/9.2.1/../../../../arm-none-eabi/lib/thumb/v7e-m+dp/hard\libc_nano.a(lib_a-makebuf.o)
                0x08008e08                __smakebuf_r
 .text.__ascii_mbtowc
                0x08008e88       0x24 f:/prosoft/gcc_arm_none/2019q4/9 2019-q4-major/bin/../lib/gcc/arm-none-eabi/9.2.1/../../../../arm-none-eabi/lib/thumb/v7e-m+dp/hard\libc_nano.a(lib_a-mbtowc_r.o)
                0x08008e88                __ascii_mbtowc
 .text.__malloc_lock
                0x08008eac        0xc f:/prosoft/gcc_arm_none/2019q4/9 2019-q4-major/bin/../lib/gcc/arm-none-eabi/9.2.1/../../../../arm-none-eabi/lib/thumb/v7e-m+dp/hard\libc_nano.a(lib_a-mlock.o)
                0x08008eac                __malloc_lock
 .text.__malloc_unlock
                0x08008eb8        0xc f:/prosoft/gcc_arm_none/2019q4/9 2019-q4-major/bin/../lib/gcc/arm-none-eabi/9.2.1/../../../../arm-none-eabi/lib/thumb/v7e-m+dp/hard\libc_nano.a(lib_a-mlock.o)
                0x08008eb8                __malloc_unlock
 .text._read_r  0x08008ec4       0x24 f:/prosoft/gcc_arm_none/2019q4/9 2019-q4-major/bin/../lib/gcc/arm-none-eabi/9.2.1/../../../../arm-none-eabi/lib/thumb/v7e-m+dp/hard\libc_nano.a(lib_a-readr.o)
                0x08008ec4                _read_r
 .text.__ascii_wctomb
                0x08008ee8       0x1a f:/prosoft/gcc_arm_none/2019q4/9 2019-q4-major/bin/../lib/gcc/arm-none-eabi/9.2.1/../../../../arm-none-eabi/lib/thumb/v7e-m+dp/hard\libc_nano.a(lib_a-wctomb_r.o)
                0x08008ee8                __ascii_wctomb
 *fill*         0x08008f02        0x2 
 .text._fstat_r
                0x08008f04       0x24 f:/prosoft/gcc_arm_none/2019q4/9 2019-q4-major/bin/../lib/gcc/arm-none-eabi/9.2.1/../../../../arm-none-eabi/lib/thumb/v7e-m+dp/hard\libc_nano.a(lib_a-fstatr.o)
                0x08008f04                _fstat_r
 .text._isatty_r
                0x08008f28       0x20 f:/prosoft/gcc_arm_none/2019q4/9 2019-q4-major/bin/../lib/gcc/arm-none-eabi/9.2.1/../../../../arm-none-eabi/lib/thumb/v7e-m+dp/hard\libc_nano.a(lib_a-isattyr.o)
                0x08008f28                _isatty_r
 .text.asin     0x08008f48       0xac f:/prosoft/gcc_arm_none/2019q4/9 2019-q4-major/bin/../lib/gcc/arm-none-eabi/9.2.1/../../../../arm-none-eabi/lib/thumb/v7e-m+dp/hard\libm.a(lib_a-w_asin.o)
                0x08008f48                asin
 .text.atan2    0x08008ff4        0x4 f:/prosoft/gcc_arm_none/2019q4/9 2019-q4-major/bin/../lib/gcc/arm-none-eabi/9.2.1/../../../../arm-none-eabi/lib/thumb/v7e-m+dp/hard\libm.a(lib_a-w_atan2.o)
                0x08008ff4                atan2
 .text.__ieee754_asin
                0x08008ff8      0x264 f:/prosoft/gcc_arm_none/2019q4/9 2019-q4-major/bin/../lib/gcc/arm-none-eabi/9.2.1/../../../../arm-none-eabi/lib/thumb/v7e-m+dp/hard\libm.a(lib_a-e_asin.o)
                0x08008ff8                __ieee754_asin
 *fill*         0x0800925c        0x4 
 .text.__ieee754_atan2
                0x08009260      0x1e4 f:/prosoft/gcc_arm_none/2019q4/9 2019-q4-major/bin/../lib/gcc/arm-none-eabi/9.2.1/../../../../arm-none-eabi/lib/thumb/v7e-m+dp/hard\libm.a(lib_a-e_atan2.o)
                0x08009260                __ieee754_atan2
 .text.__ieee754_sqrt
                0x08009444        0x8 f:/prosoft/gcc_arm_none/2019q4/9 2019-q4-major/bin/../lib/gcc/arm-none-eabi/9.2.1/../../../../arm-none-eabi/lib/thumb/v7e-m+dp/hard\libm.a(lib_a-e_sqrt.o)
                0x08009444                __ieee754_sqrt
 *fill*         0x0800944c        0x4 
 .text.atan     0x08009450      0x1fc f:/prosoft/gcc_arm_none/2019q4/9 2019-q4-major/bin/../lib/gcc/arm-none-eabi/9.2.1/../../../../arm-none-eabi/lib/thumb/v7e-m+dp/hard\libm.a(lib_a-s_atan.o)
                0x08009450                atan
 .text.fabs     0x0800964c       0x14 f:/prosoft/gcc_arm_none/2019q4/9 2019-q4-major/bin/../lib/gcc/arm-none-eabi/9.2.1/../../../../arm-none-eabi/lib/thumb/v7e-m+dp/hard\libm.a(lib_a-s_fabs.o)
                0x0800964c                fabs
 .text.matherr  0x08009660        0x4 f:/prosoft/gcc_arm_none/2019q4/9 2019-q4-major/bin/../lib/gcc/arm-none-eabi/9.2.1/../../../../arm-none-eabi/lib/thumb/v7e-m+dp/hard\libm.a(lib_a-s_matherr.o)
                0x08009660                matherr
 *fill*         0x08009664        0x4 
 .text.nan      0x08009668       0x10 f:/prosoft/gcc_arm_none/2019q4/9 2019-q4-major/bin/../lib/gcc/arm-none-eabi/9.2.1/../../../../arm-none-eabi/lib/thumb/v7e-m+dp/hard\libm.a(lib_a-s_nan.o)
                0x08009668                nan
 .text._close   0x08009678       0x10 f:/prosoft/gcc_arm_none/2019q4/9 2019-q4-major/bin/../lib/gcc/arm-none-eabi/9.2.1/../../../../arm-none-eabi/lib/thumb/v7e-m+dp/hard\libnosys.a(close.o)
                0x08009678                _close
 .text._fstat   0x08009688       0x10 f:/prosoft/gcc_arm_none/2019q4/9 2019-q4-major/bin/../lib/gcc/arm-none-eabi/9.2.1/../../../../arm-none-eabi/lib/thumb/v7e-m+dp/hard\libnosys.a(fstat.o)
                0x08009688                _fstat
 .text._isatty  0x08009698       0x10 f:/prosoft/gcc_arm_none/2019q4/9 2019-q4-major/bin/../lib/gcc/arm-none-eabi/9.2.1/../../../../arm-none-eabi/lib/thumb/v7e-m+dp/hard\libnosys.a(isatty.o)
                0x08009698                _isatty
 .text._lseek   0x080096a8       0x10 f:/prosoft/gcc_arm_none/2019q4/9 2019-q4-major/bin/../lib/gcc/arm-none-eabi/9.2.1/../../../../arm-none-eabi/lib/thumb/v7e-m+dp/hard\libnosys.a(lseek.o)
                0x080096a8                _lseek
 .text._read    0x080096b8       0x10 f:/prosoft/gcc_arm_none/2019q4/9 2019-q4-major/bin/../lib/gcc/arm-none-eabi/9.2.1/../../../../arm-none-eabi/lib/thumb/v7e-m+dp/hard\libnosys.a(read.o)
                0x080096b8                _read
 .text._sbrk    0x080096c8       0x1c f:/prosoft/gcc_arm_none/2019q4/9 2019-q4-major/bin/../lib/gcc/arm-none-eabi/9.2.1/../../../../arm-none-eabi/lib/thumb/v7e-m+dp/hard\libnosys.a(sbrk.o)
                0x080096c8                _sbrk
 .text.__errno  0x080096e4        0xc f:/prosoft/gcc_arm_none/2019q4/9 2019-q4-major/bin/../lib/gcc/arm-none-eabi/9.2.1/../../../../arm-none-eabi/lib/thumb/v7e-m+dp/hard\libc_nano.a(lib_a-errno.o)
                0x080096e4                __errno
 *(.glue_7)
 .glue_7        0x080096f0        0x0 linker stubs
 *(.glue_7t)
 .glue_7t       0x080096f0        0x0 linker stubs
 *(.eh_frame)
 .eh_frame      0x080096f0        0x0 f:/prosoft/gcc_arm_none/2019q4/9 2019-q4-major/bin/../lib/gcc/arm-none-eabi/9.2.1/thumb/v7e-m+dp/hard/crtbegin.o
 *(.init)
 .init          0x080096f0        0x4 f:/prosoft/gcc_arm_none/2019q4/9 2019-q4-major/bin/../lib/gcc/arm-none-eabi/9.2.1/thumb/v7e-m+dp/hard/crti.o
                0x080096f0                _init
 .init          0x080096f4        0x8 f:/prosoft/gcc_arm_none/2019q4/9 2019-q4-major/bin/../lib/gcc/arm-none-eabi/9.2.1/thumb/v7e-m+dp/hard/crtn.o
 *(.fini)
 .fini          0x080096fc        0x4 f:/prosoft/gcc_arm_none/2019q4/9 2019-q4-major/bin/../lib/gcc/arm-none-eabi/9.2.1/thumb/v7e-m+dp/hard/crti.o
                0x080096fc                _fini
 .fini          0x08009700        0x8 f:/prosoft/gcc_arm_none/2019q4/9 2019-q4-major/bin/../lib/gcc/arm-none-eabi/9.2.1/thumb/v7e-m+dp/hard/crtn.o
                0x08009708                . = ALIGN (0x4)
                0x08009708                _etext = .

.vfp11_veneer   0x08009708        0x0
 .vfp11_veneer  0x08009708        0x0 linker stubs

.v4_bx          0x08009708        0x0
 .v4_bx         0x08009708        0x0 linker stubs

.iplt           0x08009708        0x0
 .iplt          0x08009708        0x0 f:/prosoft/gcc_arm_none/2019q4/9 2019-q4-major/bin/../lib/gcc/arm-none-eabi/9.2.1/thumb/v7e-m+dp/hard/crtbegin.o

.rodata         0x08009708     0x1060
                0x08009708                . = ALIGN (0x4)
 *(.rodata)
 *(.rodata*)
 .rodata.dmp_set_orientation.str1.4
                0x08009708       0x10 build/inv_mpu_dmp_motion_driver.o
 .rodata.dmp_set_fifo_rate.str1.4
                0x08009718        0xd build/inv_mpu_dmp_motion_driver.o
 *fill*         0x08009725        0x3 
 .rodata.dmp_enable_gyro_cal.str1.4
                0x08009728       0x16 build/inv_mpu_dmp_motion_driver.o
 *fill*         0x0800973e        0x2 
 .rodata.dmp_memory
                0x08009740      0xbf6 build/inv_mpu_dmp_motion_driver.o
 *fill*         0x0800a336        0x2 
 .rodata.hw     0x0800a338        0xc build/inv_mpu.o
                0x0800a338                hw
 .rodata.reg    0x0800a344       0x1e build/inv_mpu.o
                0x0800a344                reg
 *fill*         0x0800a362        0x2 
 .rodata.test   0x0800a364       0x28 build/inv_mpu.o
                0x0800a364                test
 .rodata.AttitudeTsak.str1.4
                0x0800a38c       0x2d build/attitude_task.o
 *fill*         0x0800a3b9        0x3 
 .rodata.xAttitudeTsakCreat.str1.4
                0x0800a3bc        0xd build/attitude_task.o
 *fill*         0x0800a3c9        0x3 
 .rodata.str1.4
                0x0800a3cc        0xc build/freertos.o
 .rodata.defaultTask_attributes
                0x0800a3d8       0x24 build/freertos.o
                0x0800a3d8                defaultTask_attributes
 .rodata.AHBPrescTable
                0x0800a3fc       0x10 build/system_stm32f7xx.o
                0x0800a3fc                AHBPrescTable
 .rodata.APBPrescTable
                0x0800a40c        0x8 build/system_stm32f7xx.o
                0x0800a40c                APBPrescTable
 .rodata.vTaskStartScheduler.str1.4
                0x0800a414        0x5 build/tasks.o
 *fill*         0x0800a419        0x3 
 .rodata.prvCheckForValidListAndQueue.str1.4
                0x0800a41c        0x5 build/timers.o
 *fill*         0x0800a421        0x3 
 .rodata.xTimerCreateTimerTask.str1.4
                0x0800a424        0x8 build/timers.o
 .rodata._global_impure_ptr
                0x0800a42c        0x4 f:/prosoft/gcc_arm_none/2019q4/9 2019-q4-major/bin/../lib/gcc/arm-none-eabi/9.2.1/../../../../arm-none-eabi/lib/thumb/v7e-m+dp/hard\libc_nano.a(lib_a-impure.o)
                0x0800a42c                _global_impure_ptr
 .rodata._printf_float.str1.1
                0x0800a430       0x12 f:/prosoft/gcc_arm_none/2019q4/9 2019-q4-major/bin/../lib/gcc/arm-none-eabi/9.2.1/../../../../arm-none-eabi/lib/thumb/v7e-m+dp/hard\libc_nano.a(lib_a-nano-vfprintf_float.o)
 .rodata._printf_i.str1.1
                0x0800a442       0x22 f:/prosoft/gcc_arm_none/2019q4/9 2019-q4-major/bin/../lib/gcc/arm-none-eabi/9.2.1/../../../../arm-none-eabi/lib/thumb/v7e-m+dp/hard\libc_nano.a(lib_a-nano-vfprintf_i.o)
 .rodata._dtoa_r.str1.1
                0x0800a464        0xd f:/prosoft/gcc_arm_none/2019q4/9 2019-q4-major/bin/../lib/gcc/arm-none-eabi/9.2.1/../../../../arm-none-eabi/lib/thumb/v7e-m+dp/hard\libc_nano.a(lib_a-dtoa.o)
                                  0xf (size before relaxing)
 *fill*         0x0800a471        0x3 
 .rodata.__sf_fake_stderr
                0x0800a474       0x20 f:/prosoft/gcc_arm_none/2019q4/9 2019-q4-major/bin/../lib/gcc/arm-none-eabi/9.2.1/../../../../arm-none-eabi/lib/thumb/v7e-m+dp/hard\libc_nano.a(lib_a-findfp.o)
                0x0800a474                __sf_fake_stderr
 .rodata.__sf_fake_stdin
                0x0800a494       0x20 f:/prosoft/gcc_arm_none/2019q4/9 2019-q4-major/bin/../lib/gcc/arm-none-eabi/9.2.1/../../../../arm-none-eabi/lib/thumb/v7e-m+dp/hard\libc_nano.a(lib_a-findfp.o)
                0x0800a494                __sf_fake_stdin
 .rodata.__sf_fake_stdout
                0x0800a4b4       0x20 f:/prosoft/gcc_arm_none/2019q4/9 2019-q4-major/bin/../lib/gcc/arm-none-eabi/9.2.1/../../../../arm-none-eabi/lib/thumb/v7e-m+dp/hard\libc_nano.a(lib_a-findfp.o)
                0x0800a4b4                __sf_fake_stdout
 *fill*         0x0800a4d4        0x4 
 .rodata.__mprec_bigtens
                0x0800a4d8       0x28 f:/prosoft/gcc_arm_none/2019q4/9 2019-q4-major/bin/../lib/gcc/arm-none-eabi/9.2.1/../../../../arm-none-eabi/lib/thumb/v7e-m+dp/hard\libc_nano.a(lib_a-mprec.o)
                0x0800a4d8                __mprec_bigtens
 .rodata.__mprec_tens
                0x0800a500       0xc8 f:/prosoft/gcc_arm_none/2019q4/9 2019-q4-major/bin/../lib/gcc/arm-none-eabi/9.2.1/../../../../arm-none-eabi/lib/thumb/v7e-m+dp/hard\libc_nano.a(lib_a-mprec.o)
                0x0800a500                __mprec_tens
 .rodata.p05.7490
                0x0800a5c8        0xc f:/prosoft/gcc_arm_none/2019q4/9 2019-q4-major/bin/../lib/gcc/arm-none-eabi/9.2.1/../../../../arm-none-eabi/lib/thumb/v7e-m+dp/hard\libc_nano.a(lib_a-mprec.o)
 .rodata._vfprintf_r.str1.1
                0x0800a5d4       0x11 f:/prosoft/gcc_arm_none/2019q4/9 2019-q4-major/bin/../lib/gcc/arm-none-eabi/9.2.1/../../../../arm-none-eabi/lib/thumb/v7e-m+dp/hard\libc_nano.a(lib_a-nano-vfprintf.o)
 .rodata._setlocale_r.str1.1
                0x0800a5e5        0x8 f:/prosoft/gcc_arm_none/2019q4/9 2019-q4-major/bin/../lib/gcc/arm-none-eabi/9.2.1/../../../../arm-none-eabi/lib/thumb/v7e-m+dp/hard\libc_nano.a(lib_a-locale.o)
                                  0x9 (size before relaxing)
 .rodata.str1.1
                0x0800a5ed        0x2 f:/prosoft/gcc_arm_none/2019q4/9 2019-q4-major/bin/../lib/gcc/arm-none-eabi/9.2.1/../../../../arm-none-eabi/lib/thumb/v7e-m+dp/hard\libc_nano.a(lib_a-locale.o)
 .rodata._ctype_
                0x0800a5ef      0x101 f:/prosoft/gcc_arm_none/2019q4/9 2019-q4-major/bin/../lib/gcc/arm-none-eabi/9.2.1/../../../../arm-none-eabi/lib/thumb/v7e-m+dp/hard\libc_nano.a(lib_a-ctype_.o)
                0x0800a5ef                _ctype_
 .rodata.asin.str1.4
                0x0800a6f0        0x5 f:/prosoft/gcc_arm_none/2019q4/9 2019-q4-major/bin/../lib/gcc/arm-none-eabi/9.2.1/../../../../arm-none-eabi/lib/thumb/v7e-m+dp/hard\libm.a(lib_a-w_asin.o)
                                  0x9 (size before relaxing)
 *fill*         0x0800a6f5        0x3 
 .rodata.CSWTCH.8
                0x0800a6f8       0x18 f:/prosoft/gcc_arm_none/2019q4/9 2019-q4-major/bin/../lib/gcc/arm-none-eabi/9.2.1/../../../../arm-none-eabi/lib/thumb/v7e-m+dp/hard\libm.a(lib_a-e_atan2.o)
 .rodata.CSWTCH.9
                0x0800a710       0x18 f:/prosoft/gcc_arm_none/2019q4/9 2019-q4-major/bin/../lib/gcc/arm-none-eabi/9.2.1/../../../../arm-none-eabi/lib/thumb/v7e-m+dp/hard\libm.a(lib_a-e_atan2.o)
 .rodata.atanhi
                0x0800a728       0x20 f:/prosoft/gcc_arm_none/2019q4/9 2019-q4-major/bin/../lib/gcc/arm-none-eabi/9.2.1/../../../../arm-none-eabi/lib/thumb/v7e-m+dp/hard\libm.a(lib_a-s_atan.o)
 .rodata.atanlo
                0x0800a748       0x20 f:/prosoft/gcc_arm_none/2019q4/9 2019-q4-major/bin/../lib/gcc/arm-none-eabi/9.2.1/../../../../arm-none-eabi/lib/thumb/v7e-m+dp/hard\libm.a(lib_a-s_atan.o)
                0x0800a768                . = ALIGN (0x4)

.ARM.extab
 *(.ARM.extab* .gnu.linkonce.armextab.*)

.ARM            0x0800a768        0x8
                0x0800a768                __exidx_start = .
 *(.ARM.exidx*)
 .ARM.exidx     0x0800a768        0x8 f:/prosoft/gcc_arm_none/2019q4/9 2019-q4-major/bin/../lib/gcc/arm-none-eabi/9.2.1/thumb/v7e-m+dp/hard\libgcc.a(_udivmoddi4.o)
                0x0800a770                __exidx_end = .

.rel.dyn        0x0800a770        0x0
 .rel.iplt      0x0800a770        0x0 f:/prosoft/gcc_arm_none/2019q4/9 2019-q4-major/bin/../lib/gcc/arm-none-eabi/9.2.1/thumb/v7e-m+dp/hard/crtbegin.o

.preinit_array  0x0800a770        0x0
                0x0800a770                PROVIDE (__preinit_array_start = .)
 *(.preinit_array*)
                0x0800a770                PROVIDE (__preinit_array_end = .)

.init_array     0x0800a770        0x4
                0x0800a770                PROVIDE (__init_array_start = .)
 *(SORT_BY_NAME(.init_array.*))
 *(.init_array*)
 .init_array    0x0800a770        0x4 f:/prosoft/gcc_arm_none/2019q4/9 2019-q4-major/bin/../lib/gcc/arm-none-eabi/9.2.1/thumb/v7e-m+dp/hard/crtbegin.o
                0x0800a774                PROVIDE (__init_array_end = .)

.fini_array     0x0800a774        0x4
                [!provide]                PROVIDE (__fini_array_start = .)
 *(SORT_BY_NAME(.fini_array.*))
 *(.fini_array*)
 .fini_array    0x0800a774        0x4 f:/prosoft/gcc_arm_none/2019q4/9 2019-q4-major/bin/../lib/gcc/arm-none-eabi/9.2.1/thumb/v7e-m+dp/hard/crtbegin.o
                [!provide]                PROVIDE (__fini_array_end = .)
                0x0800a778                _sidata = LOADADDR (.data)

.data           0x20000000      0x238 load address 0x0800a778
                0x20000000                . = ALIGN (0x4)
                0x20000000                _sdata = .
 *(.data)
 *(.data*)
 .data.st       0x20000000       0x2c build/inv_mpu.o
 .data._mpu1FunList
                0x2000002c       0x18 build/mpu6050.o
 .data.gyro_pdata
                0x20000044        0x9 build/mpu6050.o
 *fill*         0x2000004d        0x3 
 .data._attitudeFunList
                0x20000050        0x4 build/attitude.o
 .data.uwTickFreq
                0x20000054        0x1 build/stm32f7xx_hal.o
                0x20000054                uwTickFreq
 *fill*         0x20000055        0x3 
 .data.uwTickPrio
                0x20000058        0x4 build/stm32f7xx_hal.o
                0x20000058                uwTickPrio
 .data.SystemCoreClock
                0x2000005c        0x4 build/system_stm32f7xx.o
                0x2000005c                SystemCoreClock
 .data.uxCriticalNesting
                0x20000060        0x4 build/port.o
 .data._impure_ptr
                0x20000064        0x4 f:/prosoft/gcc_arm_none/2019q4/9 2019-q4-major/bin/../lib/gcc/arm-none-eabi/9.2.1/../../../../arm-none-eabi/lib/thumb/v7e-m+dp/hard\libc_nano.a(lib_a-impure.o)
                0x20000064                _impure_ptr
 .data.impure_data
                0x20000068       0x60 f:/prosoft/gcc_arm_none/2019q4/9 2019-q4-major/bin/../lib/gcc/arm-none-eabi/9.2.1/../../../../arm-none-eabi/lib/thumb/v7e-m+dp/hard\libc_nano.a(lib_a-impure.o)
 .data.__global_locale
                0x200000c8      0x16c f:/prosoft/gcc_arm_none/2019q4/9 2019-q4-major/bin/../lib/gcc/arm-none-eabi/9.2.1/../../../../arm-none-eabi/lib/thumb/v7e-m+dp/hard\libc_nano.a(lib_a-locale.o)
                0x200000c8                __global_locale
 .data.__fdlib_version
                0x20000234        0x1 f:/prosoft/gcc_arm_none/2019q4/9 2019-q4-major/bin/../lib/gcc/arm-none-eabi/9.2.1/../../../../arm-none-eabi/lib/thumb/v7e-m+dp/hard\libm.a(lib_a-s_lib_ver.o)
                0x20000234                __fdlib_version
                0x20000238                . = ALIGN (0x4)
 *fill*         0x20000235        0x3 
                0x20000238                _edata = .

.igot.plt       0x20000238        0x0 load address 0x0800a9b0
 .igot.plt      0x20000238        0x0 f:/prosoft/gcc_arm_none/2019q4/9 2019-q4-major/bin/../lib/gcc/arm-none-eabi/9.2.1/thumb/v7e-m+dp/hard/crtbegin.o
                0x20000238                . = ALIGN (0x4)

.bss            0x20000238     0x4abc load address 0x0800a9b0
                0x20000238                _sbss = .
                0x20000238                __bss_start__ = _sbss
 *(.bss)
 .bss           0x20000238       0x1c f:/prosoft/gcc_arm_none/2019q4/9 2019-q4-major/bin/../lib/gcc/arm-none-eabi/9.2.1/thumb/v7e-m+dp/hard/crtbegin.o
 *(.bss*)
 .bss.dmp       0x20000254       0x10 build/inv_mpu_dmp_motion_driver.o
 .bss.sensors.10001
                0x20000264        0x2 build/mpu6050.o
 *fill*         0x20000266        0x2 
 .bss.tmp_quat.10003
                0x20000268       0x10 build/mpu6050.o
 .bss.AttitudeQueue
                0x20000278        0x4 build/attitude_task.o
                0x20000278                AttitudeQueue
 .bss.pxCurrentTCB
                0x2000027c        0x4 build/tasks.o
                0x2000027c                pxCurrentTCB
 .bss.pxDelayedTaskList
                0x20000280        0x4 build/tasks.o
 .bss.pxOverflowDelayedTaskList
                0x20000284        0x4 build/tasks.o
 .bss.pxReadyTasksLists
                0x20000288      0x460 build/tasks.o
 .bss.uxCurrentNumberOfTasks
                0x200006e8        0x4 build/tasks.o
 .bss.uxDeletedTasksWaitingCleanUp
                0x200006ec        0x4 build/tasks.o
 .bss.uxPendedTicks
                0x200006f0        0x4 build/tasks.o
 .bss.uxSchedulerSuspended
                0x200006f4        0x4 build/tasks.o
 .bss.uxTaskNumber
                0x200006f8        0x4 build/tasks.o
 .bss.uxTopReadyPriority
                0x200006fc        0x4 build/tasks.o
 .bss.xDelayedTaskList1
                0x20000700       0x14 build/tasks.o
 .bss.xDelayedTaskList2
                0x20000714       0x14 build/tasks.o
 .bss.xNextTaskUnblockTime
                0x20000728        0x4 build/tasks.o
 .bss.xNumOfOverflows
                0x2000072c        0x4 build/tasks.o
 .bss.xPendingReadyList
                0x20000730       0x14 build/tasks.o
 .bss.xSchedulerRunning
                0x20000744        0x4 build/tasks.o
 .bss.xSuspendedTaskList
                0x20000748       0x14 build/tasks.o
 .bss.xTasksWaitingTermination
                0x2000075c       0x14 build/tasks.o
 .bss.xTickCount
                0x20000770        0x4 build/tasks.o
 .bss.xYieldPending
                0x20000774        0x4 build/tasks.o
 .bss.pxCurrentTimerList
                0x20000778        0x4 build/timers.o
 .bss.pxOverflowTimerList
                0x2000077c        0x4 build/timers.o
 .bss.ucStaticTimerQueueStorage.6936
                0x20000780       0xa0 build/timers.o
 .bss.xActiveTimerList1
                0x20000820       0x14 build/timers.o
 .bss.xActiveTimerList2
                0x20000834       0x14 build/timers.o
 .bss.xLastTime.6885
                0x20000848        0x4 build/timers.o
 .bss.xStaticTimerQueue.6935
                0x2000084c       0x50 build/timers.o
 .bss.xTimerQueue
                0x2000089c        0x4 build/timers.o
 .bss.xTimerTaskHandle
                0x200008a0        0x4 build/timers.o
 .bss.Idle_Stack
                0x200008a4      0x200 build/cmsis_os2.o
 .bss.Idle_TCB  0x20000aa4       0x5c build/cmsis_os2.o
 .bss.KernelState
                0x20000b00        0x4 build/cmsis_os2.o
 .bss.Timer_Stack
                0x20000b04      0x400 build/cmsis_os2.o
 .bss.Timer_TCB
                0x20000f04       0x5c build/cmsis_os2.o
 .bss.pxEnd     0x20000f60        0x4 build/heap_4.o
 .bss.ucHeap    0x20000f64     0x3c00 build/heap_4.o
 .bss.xBlockAllocatedBit
                0x20004b64        0x4 build/heap_4.o
 .bss.xFreeBytesRemaining
                0x20004b68        0x4 build/heap_4.o
 .bss.xMinimumEverFreeBytesRemaining
                0x20004b6c        0x4 build/heap_4.o
 .bss.xStart    0x20004b70        0x8 build/heap_4.o
 .bss.ucMaxSysCallPriority
                0x20004b78        0x1 build/port.o
 *fill*         0x20004b79        0x3 
 .bss.ulMaxPRIGROUPValue
                0x20004b7c        0x4 build/port.o
 .bss.__malloc_free_list
                0x20004b80        0x4 f:/prosoft/gcc_arm_none/2019q4/9 2019-q4-major/bin/../lib/gcc/arm-none-eabi/9.2.1/../../../../arm-none-eabi/lib/thumb/v7e-m+dp/hard\libc_nano.a(lib_a-nano-mallocr.o)
                0x20004b80                __malloc_free_list
 .bss.__malloc_sbrk_start
                0x20004b84        0x4 f:/prosoft/gcc_arm_none/2019q4/9 2019-q4-major/bin/../lib/gcc/arm-none-eabi/9.2.1/../../../../arm-none-eabi/lib/thumb/v7e-m+dp/hard\libc_nano.a(lib_a-nano-mallocr.o)
                0x20004b84                __malloc_sbrk_start
 .bss.heap_end.5507
                0x20004b88        0x4 f:/prosoft/gcc_arm_none/2019q4/9 2019-q4-major/bin/../lib/gcc/arm-none-eabi/9.2.1/../../../../arm-none-eabi/lib/thumb/v7e-m+dp/hard\libnosys.a(sbrk.o)
 *(COMMON)
 COMMON         0x20004b8c        0x4 build/attitude_task.o
                0x20004b8c                AttitudeTaskHandle
 COMMON         0x20004b90        0x4 build/freertos.o
                0x20004b90                defaultTaskHandle
 COMMON         0x20004b94       0x4c build/i2c.o
                0x20004b94                hi2c4
 COMMON         0x20004be0       0x80 build/usart.o
                0x20004be0                huart5
 COMMON         0x20004c60       0x40 build/stm32f7xx_hal_timebase_tim.o
                0x20004c60                htim1
 COMMON         0x20004ca0        0x4 build/stm32f7xx_hal.o
                0x20004ca0                uwTick
 COMMON         0x20004ca4       0x40 build/queue.o
                0x20004ca4                xQueueRegistry
 COMMON         0x20004ce4        0x9 f:/prosoft/gcc_arm_none/2019q4/9 2019-q4-major/bin/../lib/gcc/arm-none-eabi/9.2.1/../../../../arm-none-eabi/lib/thumb/v7e-m+dp/hard\libc_nano.a(lib_a-lock.o)
                0x20004ce4                __lock___atexit_recursive_mutex
                0x20004ce5                __lock___arc4random_mutex
                0x20004ce6                __lock___env_recursive_mutex
                0x20004ce7                __lock___sinit_recursive_mutex
                0x20004ce8                __lock___malloc_recursive_mutex
                0x20004ce9                __lock___at_quick_exit_mutex
                0x20004cea                __lock___dd_hash_mutex
                0x20004ceb                __lock___tz_mutex
                0x20004cec                __lock___sfp_recursive_mutex
 *fill*         0x20004ced        0x3 
 COMMON         0x20004cf0        0x4 f:/prosoft/gcc_arm_none/2019q4/9 2019-q4-major/bin/../lib/gcc/arm-none-eabi/9.2.1/../../../../arm-none-eabi/lib/thumb/v7e-m+dp/hard\libc_nano.a(lib_a-reent.o)
                0x20004cf0                errno
                0x20004cf4                . = ALIGN (0x4)
                0x20004cf4                _ebss = .
                0x20004cf4                __bss_end__ = _ebss

._user_heap_stack
                0x20004cf4      0x604 load address 0x0800a9b0
                0x20004cf8                . = ALIGN (0x8)
 *fill*         0x20004cf4        0x4 
                0x20004cf8                PROVIDE (end = .)
                [!provide]                PROVIDE (_end = .)
                0x20004ef8                . = (. + _Min_Heap_Size)
 *fill*         0x20004cf8      0x200 
                0x200052f8                . = (. + _Min_Stack_Size)
 *fill*         0x20004ef8      0x400 
                0x200052f8                . = ALIGN (0x8)

/DISCARD/
 libc.a(*)
 libm.a(*)
 libgcc.a(*)

.ARM.attributes
                0x00000000       0x2e
 *(.ARM.attributes)
 .ARM.attributes
                0x00000000       0x1e f:/prosoft/gcc_arm_none/2019q4/9 2019-q4-major/bin/../lib/gcc/arm-none-eabi/9.2.1/thumb/v7e-m+dp/hard/crti.o
 .ARM.attributes
                0x0000001e       0x32 f:/prosoft/gcc_arm_none/2019q4/9 2019-q4-major/bin/../lib/gcc/arm-none-eabi/9.2.1/thumb/v7e-m+dp/hard/crtbegin.o
 .ARM.attributes
                0x00000050       0x32 build/bsp_i2c.o
 .ARM.attributes
                0x00000082       0x32 build/inv_mpu_dmp_motion_driver.o
 .ARM.attributes
                0x000000b4       0x32 build/inv_mpu.o
 .ARM.attributes
                0x000000e6       0x32 build/mpu6050.o
 .ARM.attributes
                0x00000118       0x32 build/attitude.o
 .ARM.attributes
                0x0000014a       0x32 build/attitude_task.o
 .ARM.attributes
                0x0000017c       0x32 build/printf_redefine.o
 .ARM.attributes
                0x000001ae       0x32 build/main.o
 .ARM.attributes
                0x000001e0       0x32 build/gpio.o
 .ARM.attributes
                0x00000212       0x32 build/freertos.o
 .ARM.attributes
                0x00000244       0x32 build/i2c.o
 .ARM.attributes
                0x00000276       0x32 build/usart.o
 .ARM.attributes
                0x000002a8       0x32 build/stm32f7xx_it.o
 .ARM.attributes
                0x000002da       0x32 build/stm32f7xx_hal_msp.o
 .ARM.attributes
                0x0000030c       0x32 build/stm32f7xx_hal_timebase_tim.o
 .ARM.attributes
                0x0000033e       0x32 build/stm32f7xx_hal_cortex.o
 .ARM.attributes
                0x00000370       0x32 build/stm32f7xx_hal_rcc.o
 .ARM.attributes
                0x000003a2       0x32 build/stm32f7xx_hal_rcc_ex.o
 .ARM.attributes
                0x000003d4       0x32 build/stm32f7xx_hal_gpio.o
 .ARM.attributes
                0x00000406       0x32 build/stm32f7xx_hal_pwr_ex.o
 .ARM.attributes
                0x00000438       0x32 build/stm32f7xx_hal.o
 .ARM.attributes
                0x0000046a       0x32 build/stm32f7xx_hal_i2c.o
 .ARM.attributes
                0x0000049c       0x32 build/stm32f7xx_hal_i2c_ex.o
 .ARM.attributes
                0x000004ce       0x32 build/stm32f7xx_hal_tim.o
 .ARM.attributes
                0x00000500       0x32 build/stm32f7xx_hal_tim_ex.o
 .ARM.attributes
                0x00000532       0x32 build/stm32f7xx_hal_uart.o
 .ARM.attributes
                0x00000564       0x32 build/system_stm32f7xx.o
 .ARM.attributes
                0x00000596       0x32 build/list.o
 .ARM.attributes
                0x000005c8       0x32 build/queue.o
 .ARM.attributes
                0x000005fa       0x32 build/tasks.o
 .ARM.attributes
                0x0000062c       0x32 build/timers.o
 .ARM.attributes
                0x0000065e       0x32 build/cmsis_os2.o
 .ARM.attributes
                0x00000690       0x32 build/heap_4.o
 .ARM.attributes
                0x000006c2       0x32 build/port.o
 .ARM.attributes
                0x000006f4       0x21 build/startup_stm32f767xx.o
 .ARM.attributes
                0x00000715       0x30 f:/prosoft/gcc_arm_none/2019q4/9 2019-q4-major/bin/../lib/gcc/arm-none-eabi/9.2.1/../../../../arm-none-eabi/lib/thumb/v7e-m+dp/hard\libc_nano.a(lib_a-impure.o)
 .ARM.attributes
                0x00000745       0x32 f:/prosoft/gcc_arm_none/2019q4/9 2019-q4-major/bin/../lib/gcc/arm-none-eabi/9.2.1/../../../../arm-none-eabi/lib/thumb/v7e-m+dp/hard\libc_nano.a(lib_a-init.o)
 .ARM.attributes
                0x00000777       0x32 f:/prosoft/gcc_arm_none/2019q4/9 2019-q4-major/bin/../lib/gcc/arm-none-eabi/9.2.1/../../../../arm-none-eabi/lib/thumb/v7e-m+dp/hard\libc_nano.a(lib_a-memcpy-stub.o)
 .ARM.attributes
                0x000007a9       0x32 f:/prosoft/gcc_arm_none/2019q4/9 2019-q4-major/bin/../lib/gcc/arm-none-eabi/9.2.1/../../../../arm-none-eabi/lib/thumb/v7e-m+dp/hard\libc_nano.a(lib_a-memset.o)
 .ARM.attributes
                0x000007db       0x32 f:/prosoft/gcc_arm_none/2019q4/9 2019-q4-major/bin/../lib/gcc/arm-none-eabi/9.2.1/../../../../arm-none-eabi/lib/thumb/v7e-m+dp/hard\libc_nano.a(lib_a-nano-vfprintf_float.o)
 .ARM.attributes
                0x0000080d       0x32 f:/prosoft/gcc_arm_none/2019q4/9 2019-q4-major/bin/../lib/gcc/arm-none-eabi/9.2.1/../../../../arm-none-eabi/lib/thumb/v7e-m+dp/hard\libc_nano.a(lib_a-nano-vfprintf_i.o)
 .ARM.attributes
                0x0000083f       0x32 f:/prosoft/gcc_arm_none/2019q4/9 2019-q4-major/bin/../lib/gcc/arm-none-eabi/9.2.1/../../../../arm-none-eabi/lib/thumb/v7e-m+dp/hard\libc_nano.a(lib_a-printf.o)
 .ARM.attributes
                0x00000871       0x17 f:/prosoft/gcc_arm_none/2019q4/9 2019-q4-major/bin/../lib/gcc/arm-none-eabi/9.2.1/../../../../arm-none-eabi/lib/thumb/v7e-m+dp/hard\libc_nano.a(lib_a-strlen.o)
 .ARM.attributes
                0x00000888       0x32 f:/prosoft/gcc_arm_none/2019q4/9 2019-q4-major/bin/../lib/gcc/arm-none-eabi/9.2.1/../../../../arm-none-eabi/lib/thumb/v7e-m+dp/hard\libc_nano.a(lib_a-dtoa.o)
 .ARM.attributes
                0x000008ba       0x32 f:/prosoft/gcc_arm_none/2019q4/9 2019-q4-major/bin/../lib/gcc/arm-none-eabi/9.2.1/../../../../arm-none-eabi/lib/thumb/v7e-m+dp/hard\libc_nano.a(lib_a-findfp.o)
 .ARM.attributes
                0x000008ec       0x32 f:/prosoft/gcc_arm_none/2019q4/9 2019-q4-major/bin/../lib/gcc/arm-none-eabi/9.2.1/../../../../arm-none-eabi/lib/thumb/v7e-m+dp/hard\libc_nano.a(lib_a-fwalk.o)
 .ARM.attributes
                0x0000091e       0x32 f:/prosoft/gcc_arm_none/2019q4/9 2019-q4-major/bin/../lib/gcc/arm-none-eabi/9.2.1/../../../../arm-none-eabi/lib/thumb/v7e-m+dp/hard\libc_nano.a(lib_a-localeconv.o)
 .ARM.attributes
                0x00000950       0x32 f:/prosoft/gcc_arm_none/2019q4/9 2019-q4-major/bin/../lib/gcc/arm-none-eabi/9.2.1/../../../../arm-none-eabi/lib/thumb/v7e-m+dp/hard\libc_nano.a(lib_a-lock.o)
 .ARM.attributes
                0x00000982       0x32 f:/prosoft/gcc_arm_none/2019q4/9 2019-q4-major/bin/../lib/gcc/arm-none-eabi/9.2.1/../../../../arm-none-eabi/lib/thumb/v7e-m+dp/hard\libc_nano.a(lib_a-malloc.o)
 .ARM.attributes
                0x000009b4       0x1c f:/prosoft/gcc_arm_none/2019q4/9 2019-q4-major/bin/../lib/gcc/arm-none-eabi/9.2.1/../../../../arm-none-eabi/lib/thumb/v7e-m+dp/hard\libc_nano.a(lib_a-memchr.o)
 .ARM.attributes
                0x000009d0       0x32 f:/prosoft/gcc_arm_none/2019q4/9 2019-q4-major/bin/../lib/gcc/arm-none-eabi/9.2.1/../../../../arm-none-eabi/lib/thumb/v7e-m+dp/hard\libc_nano.a(lib_a-mprec.o)
 .ARM.attributes
                0x00000a02       0x32 f:/prosoft/gcc_arm_none/2019q4/9 2019-q4-major/bin/../lib/gcc/arm-none-eabi/9.2.1/../../../../arm-none-eabi/lib/thumb/v7e-m+dp/hard\libc_nano.a(lib_a-nano-callocr.o)
 .ARM.attributes
                0x00000a34       0x32 f:/prosoft/gcc_arm_none/2019q4/9 2019-q4-major/bin/../lib/gcc/arm-none-eabi/9.2.1/../../../../arm-none-eabi/lib/thumb/v7e-m+dp/hard\libc_nano.a(lib_a-nano-freer.o)
 .ARM.attributes
                0x00000a66       0x32 f:/prosoft/gcc_arm_none/2019q4/9 2019-q4-major/bin/../lib/gcc/arm-none-eabi/9.2.1/../../../../arm-none-eabi/lib/thumb/v7e-m+dp/hard\libc_nano.a(lib_a-nano-mallocr.o)
 .ARM.attributes
                0x00000a98       0x32 f:/prosoft/gcc_arm_none/2019q4/9 2019-q4-major/bin/../lib/gcc/arm-none-eabi/9.2.1/../../../../arm-none-eabi/lib/thumb/v7e-m+dp/hard\libc_nano.a(lib_a-nano-vfprintf.o)
 .ARM.attributes
                0x00000aca       0x32 f:/prosoft/gcc_arm_none/2019q4/9 2019-q4-major/bin/../lib/gcc/arm-none-eabi/9.2.1/../../../../arm-none-eabi/lib/thumb/v7e-m+dp/hard\libc_nano.a(lib_a-sbrkr.o)
 .ARM.attributes
                0x00000afc       0x32 f:/prosoft/gcc_arm_none/2019q4/9 2019-q4-major/bin/../lib/gcc/arm-none-eabi/9.2.1/../../../../arm-none-eabi/lib/thumb/v7e-m+dp/hard\libc_nano.a(lib_a-stdio.o)
 .ARM.attributes
                0x00000b2e       0x32 f:/prosoft/gcc_arm_none/2019q4/9 2019-q4-major/bin/../lib/gcc/arm-none-eabi/9.2.1/../../../../arm-none-eabi/lib/thumb/v7e-m+dp/hard\libc_nano.a(lib_a-wbuf.o)
 .ARM.attributes
                0x00000b60       0x32 f:/prosoft/gcc_arm_none/2019q4/9 2019-q4-major/bin/../lib/gcc/arm-none-eabi/9.2.1/../../../../arm-none-eabi/lib/thumb/v7e-m+dp/hard\libc_nano.a(lib_a-writer.o)
 .ARM.attributes
                0x00000b92       0x32 f:/prosoft/gcc_arm_none/2019q4/9 2019-q4-major/bin/../lib/gcc/arm-none-eabi/9.2.1/../../../../arm-none-eabi/lib/thumb/v7e-m+dp/hard\libc_nano.a(lib_a-wsetup.o)
 .ARM.attributes
                0x00000bc4       0x32 f:/prosoft/gcc_arm_none/2019q4/9 2019-q4-major/bin/../lib/gcc/arm-none-eabi/9.2.1/../../../../arm-none-eabi/lib/thumb/v7e-m+dp/hard\libc_nano.a(lib_a-closer.o)
 .ARM.attributes
                0x00000bf6       0x32 f:/prosoft/gcc_arm_none/2019q4/9 2019-q4-major/bin/../lib/gcc/arm-none-eabi/9.2.1/../../../../arm-none-eabi/lib/thumb/v7e-m+dp/hard\libc_nano.a(lib_a-fflush.o)
 .ARM.attributes
                0x00000c28       0x32 f:/prosoft/gcc_arm_none/2019q4/9 2019-q4-major/bin/../lib/gcc/arm-none-eabi/9.2.1/../../../../arm-none-eabi/lib/thumb/v7e-m+dp/hard\libc_nano.a(lib_a-locale.o)
 .ARM.attributes
                0x00000c5a       0x32 f:/prosoft/gcc_arm_none/2019q4/9 2019-q4-major/bin/../lib/gcc/arm-none-eabi/9.2.1/../../../../arm-none-eabi/lib/thumb/v7e-m+dp/hard\libc_nano.a(lib_a-lseekr.o)
 .ARM.attributes
                0x00000c8c       0x32 f:/prosoft/gcc_arm_none/2019q4/9 2019-q4-major/bin/../lib/gcc/arm-none-eabi/9.2.1/../../../../arm-none-eabi/lib/thumb/v7e-m+dp/hard\libc_nano.a(lib_a-makebuf.o)
 .ARM.attributes
                0x00000cbe       0x32 f:/prosoft/gcc_arm_none/2019q4/9 2019-q4-major/bin/../lib/gcc/arm-none-eabi/9.2.1/../../../../arm-none-eabi/lib/thumb/v7e-m+dp/hard\libc_nano.a(lib_a-mbtowc_r.o)
 .ARM.attributes
                0x00000cf0       0x32 f:/prosoft/gcc_arm_none/2019q4/9 2019-q4-major/bin/../lib/gcc/arm-none-eabi/9.2.1/../../../../arm-none-eabi/lib/thumb/v7e-m+dp/hard\libc_nano.a(lib_a-mlock.o)
 .ARM.attributes
                0x00000d22       0x32 f:/prosoft/gcc_arm_none/2019q4/9 2019-q4-major/bin/../lib/gcc/arm-none-eabi/9.2.1/../../../../arm-none-eabi/lib/thumb/v7e-m+dp/hard\libc_nano.a(lib_a-readr.o)
 .ARM.attributes
                0x00000d54       0x32 f:/prosoft/gcc_arm_none/2019q4/9 2019-q4-major/bin/../lib/gcc/arm-none-eabi/9.2.1/../../../../arm-none-eabi/lib/thumb/v7e-m+dp/hard\libc_nano.a(lib_a-reent.o)
 .ARM.attributes
                0x00000d86       0x32 f:/prosoft/gcc_arm_none/2019q4/9 2019-q4-major/bin/../lib/gcc/arm-none-eabi/9.2.1/../../../../arm-none-eabi/lib/thumb/v7e-m+dp/hard\libc_nano.a(lib_a-wctomb_r.o)
 .ARM.attributes
                0x00000db8       0x30 f:/prosoft/gcc_arm_none/2019q4/9 2019-q4-major/bin/../lib/gcc/arm-none-eabi/9.2.1/../../../../arm-none-eabi/lib/thumb/v7e-m+dp/hard\libc_nano.a(lib_a-ctype_.o)
 .ARM.attributes
                0x00000de8       0x32 f:/prosoft/gcc_arm_none/2019q4/9 2019-q4-major/bin/../lib/gcc/arm-none-eabi/9.2.1/../../../../arm-none-eabi/lib/thumb/v7e-m+dp/hard\libc_nano.a(lib_a-fstatr.o)
 .ARM.attributes
                0x00000e1a       0x32 f:/prosoft/gcc_arm_none/2019q4/9 2019-q4-major/bin/../lib/gcc/arm-none-eabi/9.2.1/../../../../arm-none-eabi/lib/thumb/v7e-m+dp/hard\libc_nano.a(lib_a-isattyr.o)
 .ARM.attributes
                0x00000e4c       0x32 f:/prosoft/gcc_arm_none/2019q4/9 2019-q4-major/bin/../lib/gcc/arm-none-eabi/9.2.1/../../../../arm-none-eabi/lib/thumb/v7e-m+dp/hard\libm.a(lib_a-w_asin.o)
 .ARM.attributes
                0x00000e7e       0x32 f:/prosoft/gcc_arm_none/2019q4/9 2019-q4-major/bin/../lib/gcc/arm-none-eabi/9.2.1/../../../../arm-none-eabi/lib/thumb/v7e-m+dp/hard\libm.a(lib_a-w_atan2.o)
 .ARM.attributes
                0x00000eb0       0x32 f:/prosoft/gcc_arm_none/2019q4/9 2019-q4-major/bin/../lib/gcc/arm-none-eabi/9.2.1/../../../../arm-none-eabi/lib/thumb/v7e-m+dp/hard\libm.a(lib_a-e_asin.o)
 .ARM.attributes
                0x00000ee2       0x32 f:/prosoft/gcc_arm_none/2019q4/9 2019-q4-major/bin/../lib/gcc/arm-none-eabi/9.2.1/../../../../arm-none-eabi/lib/thumb/v7e-m+dp/hard\libm.a(lib_a-e_atan2.o)
 .ARM.attributes
                0x00000f14       0x32 f:/prosoft/gcc_arm_none/2019q4/9 2019-q4-major/bin/../lib/gcc/arm-none-eabi/9.2.1/../../../../arm-none-eabi/lib/thumb/v7e-m+dp/hard\libm.a(lib_a-e_sqrt.o)
 .ARM.attributes
                0x00000f46       0x32 f:/prosoft/gcc_arm_none/2019q4/9 2019-q4-major/bin/../lib/gcc/arm-none-eabi/9.2.1/../../../../arm-none-eabi/lib/thumb/v7e-m+dp/hard\libm.a(lib_a-s_atan.o)
 .ARM.attributes
                0x00000f78       0x32 f:/prosoft/gcc_arm_none/2019q4/9 2019-q4-major/bin/../lib/gcc/arm-none-eabi/9.2.1/../../../../arm-none-eabi/lib/thumb/v7e-m+dp/hard\libm.a(lib_a-s_fabs.o)
 .ARM.attributes
                0x00000faa       0x30 f:/prosoft/gcc_arm_none/2019q4/9 2019-q4-major/bin/../lib/gcc/arm-none-eabi/9.2.1/../../../../arm-none-eabi/lib/thumb/v7e-m+dp/hard\libm.a(lib_a-s_lib_ver.o)
 .ARM.attributes
                0x00000fda       0x32 f:/prosoft/gcc_arm_none/2019q4/9 2019-q4-major/bin/../lib/gcc/arm-none-eabi/9.2.1/../../../../arm-none-eabi/lib/thumb/v7e-m+dp/hard\libm.a(lib_a-s_matherr.o)
 .ARM.attributes
                0x0000100c       0x32 f:/prosoft/gcc_arm_none/2019q4/9 2019-q4-major/bin/../lib/gcc/arm-none-eabi/9.2.1/../../../../arm-none-eabi/lib/thumb/v7e-m+dp/hard\libm.a(lib_a-s_nan.o)
 .ARM.attributes
                0x0000103e       0x32 f:/prosoft/gcc_arm_none/2019q4/9 2019-q4-major/bin/../lib/gcc/arm-none-eabi/9.2.1/../../../../arm-none-eabi/lib/thumb/v7e-m+dp/hard\libnosys.a(close.o)
 .ARM.attributes
                0x00001070       0x32 f:/prosoft/gcc_arm_none/2019q4/9 2019-q4-major/bin/../lib/gcc/arm-none-eabi/9.2.1/../../../../arm-none-eabi/lib/thumb/v7e-m+dp/hard\libnosys.a(fstat.o)
 .ARM.attributes
                0x000010a2       0x32 f:/prosoft/gcc_arm_none/2019q4/9 2019-q4-major/bin/../lib/gcc/arm-none-eabi/9.2.1/../../../../arm-none-eabi/lib/thumb/v7e-m+dp/hard\libnosys.a(isatty.o)
 .ARM.attributes
                0x000010d4       0x32 f:/prosoft/gcc_arm_none/2019q4/9 2019-q4-major/bin/../lib/gcc/arm-none-eabi/9.2.1/../../../../arm-none-eabi/lib/thumb/v7e-m+dp/hard\libnosys.a(lseek.o)